---
source: crates/bitnet-receipts/tests/snapshot_tests.rs
expression: receipt
---
{
  "schema_version": "1.0.0",
  "timestamp": "[timestamp]",
  "compute_path": "real",
  "backend": "cpu",
  "backend_summary": "requested=cpu detected=[cpu] selected=cpu",
  "kernels": [
    "i2s_gemv"
  ],
  "deterministic": false,
  "environment": {},
  "model_info": {},
  "test_results": {
    "total_tests": 0,
    "passed": 0,
    "failed": 0
  },
  "performance_baseline": {},
  "corrections": []
}
