---
source: crates/bitnet-opencl/tests/snapshot_wave13.rs
expression: opts
---
CompileOptions {
    target_device: Some(
        "Intel Arc A770",
    ),
    optimization_level: Basic,
    defines: [
        (
            "BLOCK_SIZE",
            "256",
        ),
        (
            "USE_FP16",
            "1",
        ),
    ],
}
