---
source: crates/bitnet-opencl/tests/snapshot_wave13.rs
expression: report
---
ValidationReport {
    findings: [
        ValidationFinding {
            severity: Info,
            message: "Model size: 2.1 GB",
            suggestion: None,
        },
        ValidationFinding {
            severity: Warning,
            message: "FP16 not supported on device",
            suggestion: Some(
                "Enable mixed precision fallback",
            ),
        },
        ValidationFinding {
            severity: Error,
            message: "Insufficient VRAM: need 4 GB, have 2 GB",
            suggestion: Some(
                "Use a smaller model or enable CPU offloading",
            ),
        },
    ],
}
