---
source: crates/bitnet-cli/tests/snapshot_tests.rs
expression: relevant
---
      --stop <SEQ>                    Stop sequences (aliases: --stop-sequence, --stop_sequences) [aliases: --stop-sequence, --stop_sequences]
      --stop-id <ID>                  Stop token IDs (numeric token IDs to stop generation)
      --stop-string-window <N>        Window size for tail-based stop string matching (default: 64) Only decode the last N tokens when checking stop sequences [default: 64]
