---
source: crates/bitnet-inference/tests/snapshot_wave18.rs
expression: report
---
MetricsReport {
    inference: InferenceMetrics {
        prompt_tokens: 32,
        generated_tokens: 48,
        time_to_first_token_ms: 60.0,
        total_generation_time_ms: 3000.0,
        tokens_per_second: 16.0,
        peak_memory_bytes: 4194304,
        cache_hit_rate: 0.6666666666666666,
    },
    latency_p50_ms: Some(
        45.0,
    ),
    latency_p90_ms: Some(
        60.0,
    ),
    latency_p95_ms: Some(
        60.0,
    ),
    latency_p99_ms: Some(
        60.0,
    ),
    latency_mean_ms: Some(
        45.0,
    ),
    latency_min_ms: Some(
        30.0,
    ),
    latency_max_ms: Some(
        60.0,
    ),
    latency_samples: 3,
    throughput_tps: 0.0,
    memory_current_bytes: 4194304,
    memory_peak_bytes: 4194304,
    memory_allocation_count: 1,
    memory_deallocation_count: 0,
}
