---
source: crates/bitnet-inference/tests/snapshot_wave18.rs
expression: m
---
TimingMetrics {
    prefill_ms: Some(
        120,
    ),
    decode_ms: Some(
        3000,
    ),
    tokenization_encode_ms: Some(
        5,
    ),
    tokenization_decode_ms: Some(
        3,
    ),
    total_ms: 3128,
}
