---
source: crates/bitnet-inference/tests/snapshot_wave18.rs
expression: c.snapshot()
---
InferenceMetrics {
    prompt_tokens: 96,
    generated_tokens: 48,
    time_to_first_token_ms: 80.0,
    total_generation_time_ms: 6000.0,
    tokens_per_second: 8.0,
    peak_memory_bytes: 2097152,
    cache_hit_rate: 0.6666666666666666,
}
