---
source: crates/bitnet-models/tests/snapshot_model_config.rs
expression: "ProductionLoadConfig::default()"
---
ProductionLoadConfig {
    base: LoadConfig {
        use_mmap: true,
        validate_checksums: true,
        progress_callback: false,
    },
    strict_validation: true,
    validate_tensor_alignment: true,
    max_model_size_bytes: Some(
        34359738368,
    ),
    target_device: Cpu,
    profile_memory: false,
}
