---
source: crates/bitnet-kernels/tests/gpu_snapshot_regression.rs
expression: "QuantSnapshot\n{\n    kernel: \"ternary_quantize\", size_class: \"large\", shape: vec![4096],\n    quantized: q,\n}"
---
QuantSnapshot {
    kernel: "ternary_quantize",
    size_class: "large",
    shape: [
        4096,
    ],
    quantized: [
        -1,
        -1,
        -1,
        -1,
        -1,
        -1,
        -1,
        -1,
        -1,
        -1,
        -1,
        -1,
        0,
        -1,
        0,
        -1,
        0,
        0,
        -1,
        -1,
        -1,
        -1,
        -1,
        0,
        -1,
        0,
        -1,
        0,
        0,
        -1,
        0,
        -1,
        0,
        -1,
        -1,
        -1,
        0,
        0,
        -1,
        0,
        0,
        -1,
        -1,
        -1,
        0,
        0,
        -1,
        -1,
        0,
        -1,
        -1,
        -1,
        -1,
        0,
        0,
        -1,
        -1,
        -1,
        -1,
        -1,
        0,
        0,
        -1,
        -1,
        -1,
        0,
        -1,
        -1,
        -1,
        -1,
        -1,
        0,
        -1,
        -1,
        -1,
        0,
        0,
        -1,
        -1,
        0,
        -1,
        -1,
        0,
        -1,
        0,
        -1,
        -1,
        -1,
        -1,
        0,
        -1,
        -1,
        0,
        -1,
        -1,
        -1,
        -1,
        0,
        -1,
        -1,
        -1,
        -1,
        -1,
        0,
        -1,
        0,
        -1,
        -1,
        0,
        -1,
        -1,
        -1,
        -1,
        0,
        -1,
        0,
        -1,
        -1,
        -1,
        -1,
        -1,
        0,
        0,
        -1,
        -1,
        -1,
        -1,
        -1,
        0,
        -1,
        -1,
        -1,
        -1,
        -1,
        0,
        0,
        -1,
        -1,
        0,
        -1,
        0,
        -1,
        -1,
        -1,
        -1,
        -1,
        -1,
        0,
        0,
        -1,
        -1,
        -1,
        -1,
        0,
        -1,
        -1,
        0,
        -1,
        -1,
        -1,
        -1,
        0,
        -1,
        0,
        -1,
        0,
        -1,
        0,
        -1,
        -1,
        0,
        -1,
        -1,
        0,
        -1,
        -1,
        0,
        -1,
        0,
        -1,
        0,
        -1,
        0,
        -1,
        -1,
        -1,
        -1,
        -1,
        -1,
        -1,
        -1,
        0,
        -1,
        -1,
        0,
        -1,
        0,
        -1,
        -1,
        -1,
        0,
        -1,
        0,
        -1,
        -1,
        -1,
        -1,
        0,
        -1,
        -1,
        -1,
        -1,
        0,
        -1,
        -1,
        -1,
        0,
        -1,
        -1,
        -1,
        -1,
        -1,
        0,
        -1,
        -1,
        -1,
        -1,
        -1,
        -1,
        -1,
        -1,
        -1,
        -1,
        -1,
        0,
        -1,
        -1,
        0,
        -1,
        -1,
        -1,
        -1,
        -1,
        0,
        -1,
        -1,
        -1,
        0,
        -1,
        -1,
        -1,
        0,
        -1,
        0,
        -1,
        0,
        -1,
        -1,
        -1,
        0,
        -1,
        0,
        -1,
        -1,
        -1,
        0,
        -1,
        -1,
        -1,
        -1,
        -1,
        -1,
        0,
        -1,
        -1,
        -1,
        -1,
        -1,
        -1,
        0,
        -1,
        -1,
        -1,
        -1,
        -1,
        0,
        0,
        -1,
        0,
        -1,
        -1,
        -1,
        -1,
        -1,
        -1,
        -1,
        -1,
        0,
        0,
        0,
        0,
        -1,
        -1,
        -1,
        -1,
        0,
        -1,
        0,
        -1,
        -1,
        -1,
        0,
        -1,
        0,
        0,
        -1,
        -1,
        0,
        0,
        -1,
        0,
        -1,
        -1,
        0,
        -1,
        -1,
        -1,
        0,
        -1,
        0,
        0,
        -1,
        0,
        0,
        0,
        -1,
        -1,
        0,
        -1,
        -1,
        -1,
        0,
        -1,
        -1,
        -1,
        -1,
        0,
        0,
        -1,
        0,
        -1,
        -1,
        0,
        -1,
        -1,
        0,
        -1,
        0,
        0,
        -1,
        0,
        -1,
        0,
        -1,
        -1,
        -1,
        -1,
        -1,
        0,
        -1,
        -1,
        -1,
        -1,
        -1,
        0,
        0,
        -1,
        -1,
        -1,
        -1,
        -1,
        -1,
        -1,
        -1,
        -1,
        -1,
        -1,
        -1,
        -1,
        -1,
        -1,
        0,
        0,
        0,
        0,
        -1,
        0,
        -1,
        -1,
        -1,
        -1,
        -1,
        -1,
        -1,
        -1,
        -1,
        -1,
        0,
        0,
        -1,
        -1,
        -1,
        0,
        -1,
        -1,
        0,
        -1,
        0,
        -1,
        -1,
        0,
        0,
        0,
        0,
        -1,
        0,
        -1,
        0,
        0,
        -1,
        -1,
        -1,
        -1,
        -1,
        -1,
        -1,
        0,
        0,
        -1,
        -1,
        -1,
        -1,
        -1,
        0,
        -1,
        -1,
        -1,
        -1,
        0,
        -1,
        -1,
        0,
        0,
        0,
        0,
        0,
        0,
        -1,
        0,
        0,
        0,
        0,
        -1,
        -1,
        -1,
        -1,
        -1,
        -1,
        0,
        0,
        -1,
        -1,
        -1,
        -1,
        0,
        -1,
        -1,
        -1,
        -1,
        -1,
        0,
        0,
        -1,
        -1,
        -1,
        -1,
        0,
        -1,
        -1,
        -1,
        -1,
        -1,
        -1,
        -1,
        -1,
        0,
        -1,
        -1,
        -1,
        0,
        -1,
        -1,
        -1,
        -1,
        0,
        -1,
        -1,
        -1,
        -1,
        -1,
        0,
        -1,
        0,
        -1,
        -1,
        -1,
        -1,
        0,
        -1,
        0,
        -1,
        -1,
        0,
        -1,
        -1,
        -1,
        -1,
        -1,
        -1,
        -1,
        -1,
        -1,
        0,
        -1,
        0,
        -1,
        -1,
        -1,
        -1,
        -1,
        0,
        -1,
        -1,
        -1,
        -1,
        -1,
        -1,
        -1,
        -1,
        0,
        0,
        -1,
        -1,
        -1,
        -1,
        -1,
        -1,
        -1,
        -1,
        -1,
        -1,
        0,
        -1,
        -1,
        0,
        -1,
        -1,
        -1,
        -1,
        0,
        -1,
        -1,
        -1,
        0,
        0,
        -1,
        -1,
        -1,
        -1,
        0,
        0,
        0,
        -1,
        -1,
        -1,
        0,
        0,
        0,
        0,
        -1,
        -1,
        -1,
        -1,
        0,
        -1,
        -1,
        0,
        -1,
        0,
        -1,
        -1,
        0,
        0,
        0,
        0,
        -1,
        0,
        -1,
        -1,
        -1,
        0,
        0,
        0,
        -1,
        -1,
        -1,
        0,
        -1,
        -1,
        -1,
        -1,
        0,
        -1,
        -1,
        -1,
        -1,
        -1,
        -1,
        -1,
        -1,
        -1,
        0,
        0,
        -1,
        0,
        -1,
        0,
        -1,
        0,
        -1,
        -1,
        -1,
        0,
        -1,
        -1,
        -1,
        0,
        -1,
        -1,
        -1,
        0,
        0,
        -1,
        -1,
        -1,
        -1,
        -1,
        -1,
        -1,
        0,
        0,
        -1,
        -1,
        -1,
        -1,
        -1,
        0,
        -1,
        -1,
        -1,
        0,
        -1,
        0,
        -1,
        -1,
        -1,
        -1,
        -1,
        -1,
        -1,
        -1,
        -1,
        0,
        0,
        0,
        -1,
        -1,
        -1,
        -1,
        -1,
        -1,
        -1,
        -1,
        0,
        -1,
        0,
        0,
        -1,
        -1,
        0,
        -1,
        -1,
        -1,
        -1,
        -1,
        -1,
        0,
        -1,
        -1,
        -1,
        0,
        -1,
        -1,
        -1,
        0,
        -1,
        -1,
        -1,
        -1,
        -1,
        0,
        0,
        -1,
        0,
        0,
        -1,
        -1,
        0,
        0,
        -1,
        -1,
        -1,
        0,
        -1,
        0,
        -1,
        0,
        -1,
        -1,
        -1,
        -1,
        -1,
        -1,
        -1,
        -1,
        0,
        0,
        -1,
        -1,
        -1,
        0,
        0,
        -1,
        -1,
        0,
        -1,
        -1,
        -1,
        0,
        0,
        -1,
        -1,
        -1,
        -1,
        0,
        0,
        0,
        -1,
        -1,
        -1,
        -1,
        -1,
        -1,
        -1,
        -1,
        0,
        -1,
        0,
        -1,
        -1,
        -1,
        -1,
        -1,
        -1,
        -1,
        -1,
        -1,
        -1,
        -1,
        -1,
        0,
        -1,
        0,
        -1,
        -1,
        -1,
        -1,
        0,
        0,
        -1,
        -1,
        0,
        0,
        -1,
        0,
        -1,
        0,
        0,
        -1,
        -1,
        0,
        -1,
        -1,
        -1,
        -1,
        -1,
        -1,
        0,
        -1,
        0,
        -1,
        -1,
        0,
        -1,
        0,
        -1,
        -1,
        -1,
        -1,
        -1,
        -1,
        -1,
        -1,
        0,
        -1,
        0,
        -1,
        0,
        -1,
        -1,
        -1,
        0,
        -1,
        0,
        -1,
        0,
        -1,
        -1,
        -1,
        -1,
        -1,
        -1,
        -1,
        -1,
        -1,
        -1,
        -1,
        0,
        -1,
        -1,
        -1,
        0,
        -1,
        0,
        0,
        0,
        -1,
        -1,
        -1,
        -1,
        -1,
        -1,
        -1,
        0,
        -1,
        -1,
        -1,
        -1,
        0,
        -1,
        -1,
        0,
        -1,
        0,
        -1,
        0,
        0,
        0,
        -1,
        -1,
        -1,
        -1,
        -1,
        0,
        -1,
        0,
        -1,
        0,
        -1,
        0,
        0,
        0,
        -1,
        0,
        -1,
        0,
        -1,
        -1,
        -1,
        -1,
        -1,
        0,
        -1,
        0,
        0,
        0,
        -1,
        -1,
        -1,
        -1,
        -1,
        -1,
        -1,
        -1,
        -1,
        0,
        -1,
        -1,
        0,
        -1,
        -1,
        0,
        -1,
        -1,
        -1,
        -1,
        -1,
        0,
        -1,
        -1,
        0,
        -1,
        -1,
        0,
        -1,
        0,
        -1,
        -1,
        0,
        -1,
        -1,
        -1,
        -1,
        -1,
        -1,
        0,
        0,
        -1,
        0,
        -1,
        -1,
        0,
        -1,
        0,
        -1,
        -1,
        -1,
        -1,
        0,
        0,
        -1,
        0,
        -1,
        -1,
        0,
        -1,
        -1,
        -1,
        -1,
        -1,
        -1,
        -1,
        -1,
        -1,
        -1,
        -1,
        -1,
        0,
        0,
        -1,
        -1,
        -1,
        0,
        -1,
        -1,
        -1,
        -1,
        0,
        -1,
        -1,
        -1,
        -1,
        0,
        -1,
        -1,
        0,
        0,
        -1,
        -1,
        -1,
        -1,
        -1,
        -1,
        0,
        -1,
        -1,
        -1,
        0,
        -1,
        0,
        -1,
        -1,
        -1,
        -1,
        0,
        -1,
        -1,
        -1,
        -1,
        0,
        -1,
        -1,
        -1,
        0,
        0,
        0,
        -1,
        -1,
        0,
        -1,
        -1,
        -1,
        0,
        -1,
        -1,
        -1,
        -1,
        -1,
        -1,
        -1,
        -1,
        -1,
        0,
        -1,
        0,
        0,
        0,
        -1,
        0,
        -1,
        -1,
        -1,
        -1,
        -1,
        0,
        0,
        -1,
        -1,
        -1,
        -1,
        -1,
        -1,
        0,
        -1,
        -1,
        -1,
        -1,
        -1,
        0,
        -1,
        -1,
        -1,
        -1,
        -1,
        0,
        0,
        -1,
        0,
        -1,
        -1,
        -1,
        -1,
        -1,
        -1,
        -1,
        0,
        0,
        -1,
        -1,
        -1,
        -1,
        -1,
        -1,
        -1,
        -1,
        -1,
        0,
        -1,
        -1,
        0,
        0,
        -1,
        -1,
        0,
        -1,
        -1,
        -1,
        -1,
        -1,
        0,
        0,
        -1,
        0,
        -1,
        -1,
        0,
        0,
        0,
        -1,
        -1,
        -1,
        -1,
        -1,
        -1,
        -1,
        -1,
        -1,
        -1,
        -1,
        -1,
        -1,
        0,
        0,
        -1,
        -1,
        -1,
        0,
        0,
        -1,
        0,
        0,
        -1,
        -1,
        -1,
        0,
        -1,
        0,
        -1,
        -1,
        0,
        -1,
        -1,
        -1,
        -1,
        -1,
        -1,
        0,
        0,
        -1,
        0,
        -1,
        0,
        -1,
        -1,
        -1,
        -1,
        0,
        -1,
        0,
        -1,
        0,
        -1,
        0,
        -1,
        -1,
        -1,
        0,
        -1,
        0,
        0,
        -1,
        -1,
        0,
        -1,
        0,
        0,
        -1,
        -1,
        0,
        -1,
        0,
        0,
        -1,
        0,
        -1,
        0,
        -1,
        0,
        -1,
        -1,
        0,
        -1,
        0,
        -1,
        -1,
        0,
        0,
        -1,
        0,
        0,
        0,
        -1,
        -1,
        -1,
        -1,
        -1,
        -1,
        -1,
        -1,
        -1,
        -1,
        0,
        -1,
        -1,
        0,
        0,
        0,
        -1,
        0,
        -1,
        -1,
        -1,
        -1,
        0,
        -1,
        0,
        0,
        -1,
        0,
        0,
        -1,
        -1,
        -1,
        -1,
        -1,
        -1,
        -1,
        -1,
        0,
        -1,
        0,
        -1,
        -1,
        -1,
        0,
        0,
        -1,
        -1,
        0,
        -1,
        0,
        -1,
        -1,
        -1,
        -1,
        -1,
        -1,
        -1,
        -1,
        -1,
        -1,
        -1,
        0,
        0,
        0,
        0,
        -1,
        -1,
        0,
        -1,
        -1,
        -1,
        -1,
        -1,
        -1,
        -1,
        -1,
        -1,
        -1,
        -1,
        -1,
        0,
        -1,
        -1,
        -1,
        -1,
        -1,
        -1,
        -1,
        -1,
        -1,
        -1,
        -1,
        -1,
        -1,
        0,
        -1,
        -1,
        -1,
        -1,
        -1,
        -1,
        -1,
        -1,
        0,
        -1,
        0,
        -1,
        -1,
        0,
        0,
        -1,
        -1,
        -1,
        0,
        -1,
        0,
        0,
        -1,
        -1,
        0,
        -1,
        0,
        0,
        -1,
        -1,
        -1,
        -1,
        -1,
        -1,
        -1,
        0,
        0,
        -1,
        -1,
        0,
        0,
        -1,
        -1,
        -1,
        -1,
        -1,
        -1,
        -1,
        -1,
        0,
        -1,
        -1,
        0,
        -1,
        0,
        -1,
        -1,
        -1,
        -1,
        -1,
        -1,
        -1,
        0,
        -1,
        0,
        -1,
        -1,
        -1,
        -1,
        0,
        -1,
        -1,
        -1,
        -1,
        -1,
        -1,
        -1,
        -1,
        -1,
        -1,
        -1,
        0,
        -1,
        -1,
        -1,
        -1,
        -1,
        -1,
        0,
        -1,
        -1,
        -1,
        -1,
        0,
        -1,
        -1,
        -1,
        -1,
        -1,
        -1,
        -1,
        -1,
        -1,
        -1,
        0,
        -1,
        -1,
        -1,
        -1,
        0,
        -1,
        -1,
        0,
        -1,
        0,
        -1,
        -1,
        -1,
        -1,
        -1,
        -1,
        -1,
        -1,
        -1,
        0,
        0,
        -1,
        -1,
        -1,
        -1,
        0,
        -1,
        -1,
        -1,
        -1,
        -1,
        -1,
        0,
        -1,
        0,
        0,
        0,
        0,
        0,
        0,
        -1,
        -1,
        -1,
        -1,
        -1,
        -1,
        -1,
        0,
        0,
        -1,
        -1,
        -1,
        0,
        -1,
        0,
        -1,
        -1,
        -1,
        0,
        -1,
        -1,
        -1,
        0,
        -1,
        -1,
        -1,
        -1,
        -1,
        -1,
        -1,
        -1,
        -1,
        -1,
        -1,
        -1,
        -1,
        0,
        -1,
        -1,
        -1,
        -1,
        -1,
        -1,
        -1,
        -1,
        -1,
        -1,
        -1,
        -1,
        -1,
        0,
        -1,
        -1,
        -1,
        -1,
        0,
        -1,
        -1,
        -1,
        -1,
        -1,
        -1,
        -1,
        -1,
        -1,
        -1,
        -1,
        -1,
        -1,
        -1,
        -1,
        0,
        0,
        -1,
        -1,
        -1,
        0,
        -1,
        0,
        0,
        -1,
        -1,
        -1,
        -1,
        0,
        0,
        0,
        -1,
        -1,
        -1,
        -1,
        -1,
        0,
        -1,
        -1,
        -1,
        -1,
        -1,
        0,
        0,
        -1,
        -1,
        0,
        0,
        -1,
        -1,
        -1,
        -1,
        -1,
        -1,
        -1,
        0,
        -1,
        -1,
        -1,
        -1,
        -1,
        -1,
        -1,
        0,
        -1,
        -1,
        -1,
        -1,
        -1,
        -1,
        -1,
        -1,
        0,
        -1,
        -1,
        0,
        0,
        0,
        -1,
        -1,
        -1,
        -1,
        0,
        -1,
        0,
        0,
        -1,
        -1,
        -1,
        -1,
        -1,
        -1,
        -1,
        0,
        -1,
        0,
        0,
        -1,
        -1,
        -1,
        -1,
        -1,
        0,
        0,
        -1,
        -1,
        -1,
        -1,
        0,
        -1,
        -1,
        0,
        -1,
        0,
        -1,
        0,
        -1,
        -1,
        -1,
        -1,
        -1,
        -1,
        -1,
        0,
        -1,
        -1,
        -1,
        -1,
        -1,
        -1,
        -1,
        -1,
        -1,
        -1,
        -1,
        -1,
        0,
        0,
        -1,
        -1,
        -1,
        -1,
        0,
        -1,
        0,
        0,
        -1,
        -1,
        -1,
        -1,
        0,
        0,
        -1,
        -1,
        -1,
        -1,
        -1,
        -1,
        -1,
        0,
        -1,
        -1,
        0,
        0,
        -1,
        -1,
        -1,
        -1,
        -1,
        -1,
        -1,
        -1,
        -1,
        0,
        0,
        0,
        -1,
        -1,
        0,
        -1,
        -1,
        -1,
        -1,
        -1,
        -1,
        0,
        0,
        -1,
        0,
        -1,
        -1,
        -1,
        -1,
        -1,
        -1,
        -1,
        0,
        0,
        -1,
        -1,
        -1,
        0,
        -1,
        0,
        -1,
        0,
        0,
        -1,
        0,
        -1,
        -1,
        -1,
        0,
        0,
        -1,
        -1,
        -1,
        0,
        -1,
        -1,
        -1,
        -1,
        -1,
        0,
        -1,
        0,
        0,
        -1,
        -1,
        0,
        -1,
        0,
        -1,
        -1,
        -1,
        0,
        0,
        -1,
        0,
        -1,
        -1,
        -1,
        -1,
        0,
        0,
        -1,
        -1,
        -1,
        0,
        0,
        -1,
        -1,
        -1,
        -1,
        0,
        -1,
        -1,
        -1,
        -1,
        -1,
        0,
        -1,
        -1,
        -1,
        0,
        -1,
        -1,
        -1,
        -1,
        -1,
        0,
        0,
        -1,
        0,
        -1,
        0,
        -1,
        -1,
        -1,
        -1,
        -1,
        -1,
        -1,
        0,
        -1,
        -1,
        -1,
        0,
        -1,
        -1,
        -1,
        -1,
        -1,
        -1,
        -1,
        0,
        0,
        -1,
        -1,
        0,
        -1,
        -1,
        0,
        0,
        0,
        -1,
        -1,
        -1,
        -1,
        -1,
        -1,
        -1,
        -1,
        -1,
        -1,
        -1,
        -1,
        0,
        -1,
        -1,
        0,
        0,
        0,
        -1,
        -1,
        -1,
        -1,
        0,
        -1,
        -1,
        -1,
        -1,
        -1,
        0,
        -1,
        -1,
        -1,
        -1,
        -1,
        0,
        -1,
        -1,
        -1,
        -1,
        0,
        -1,
        -1,
        -1,
        -1,
        -1,
        -1,
        0,
        -1,
        -1,
        -1,
        -1,
        0,
        -1,
        -1,
        0,
        -1,
        -1,
        -1,
        -1,
        0,
        -1,
        -1,
        -1,
        -1,
        -1,
        -1,
        0,
        -1,
        -1,
        -1,
        0,
        -1,
        -1,
        0,
        -1,
        -1,
        -1,
        -1,
        -1,
        -1,
        -1,
        -1,
        -1,
        -1,
        -1,
        0,
        0,
        -1,
        0,
        -1,
        -1,
        -1,
        -1,
        0,
        -1,
        -1,
        -1,
        -1,
        0,
        -1,
        -1,
        -1,
        -1,
        -1,
        0,
        -1,
        0,
        0,
        -1,
        -1,
        0,
        -1,
        -1,
        -1,
        0,
        -1,
        -1,
        -1,
        0,
        0,
        0,
        -1,
        -1,
        -1,
        -1,
        -1,
        -1,
        0,
        -1,
        -1,
        0,
        0,
        -1,
        0,
        -1,
        0,
        -1,
        -1,
        0,
        0,
        -1,
        -1,
        -1,
        -1,
        -1,
        0,
        0,
        -1,
        -1,
        0,
        -1,
        -1,
        -1,
        -1,
        -1,
        -1,
        -1,
        -1,
        0,
        -1,
        -1,
        0,
        0,
        0,
        -1,
        -1,
        0,
        0,
        -1,
        -1,
        -1,
        -1,
        -1,
        -1,
        -1,
        0,
        -1,
        -1,
        0,
        0,
        0,
        -1,
        -1,
        0,
        -1,
        -1,
        0,
        -1,
        -1,
        0,
        0,
        0,
        -1,
        -1,
        -1,
        -1,
        0,
        -1,
        -1,
        0,
        -1,
        -1,
        -1,
        0,
        -1,
        -1,
        -1,
        -1,
        0,
        0,
        -1,
        -1,
        -1,
        -1,
        0,
        -1,
        -1,
        -1,
        -1,
        -1,
        -1,
        -1,
        0,
        -1,
        0,
        -1,
        -1,
        -1,
        0,
        0,
        0,
        -1,
        0,
        0,
        -1,
        0,
        0,
        -1,
        -1,
        0,
        -1,
        -1,
        -1,
        -1,
        0,
        -1,
        -1,
        0,
        -1,
        -1,
        -1,
        0,
        -1,
        0,
        0,
        -1,
        -1,
        0,
        0,
        0,
        -1,
        -1,
        -1,
        0,
        -1,
        -1,
        0,
        0,
        -1,
        -1,
        -1,
        -1,
        -1,
        -1,
        -1,
        -1,
        0,
        0,
        -1,
        0,
        0,
        -1,
        -1,
        -1,
        -1,
        -1,
        0,
        -1,
        0,
        -1,
        -1,
        0,
        -1,
        -1,
        -1,
        -1,
        -1,
        0,
        -1,
        -1,
        0,
        -1,
        -1,
        0,
        -1,
        -1,
        0,
        0,
        -1,
        -1,
        -1,
        -1,
        0,
        0,
        -1,
        -1,
        -1,
        -1,
        -1,
        -1,
        0,
        0,
        -1,
        0,
        0,
        0,
        -1,
        0,
        -1,
        -1,
        -1,
        -1,
        -1,
        0,
        -1,
        -1,
        -1,
        -1,
        -1,
        0,
        -1,
        -1,
        0,
        -1,
        -1,
        -1,
        -1,
        -1,
        -1,
        -1,
        -1,
        -1,
        -1,
        0,
        -1,
        0,
        0,
        -1,
        -1,
        -1,
        -1,
        -1,
        0,
        0,
        -1,
        -1,
        -1,
        -1,
        0,
        -1,
        0,
        0,
        -1,
        0,
        -1,
        0,
        -1,
        -1,
        -1,
        -1,
        0,
        -1,
        0,
        0,
        0,
        0,
        -1,
        -1,
        -1,
        -1,
        -1,
        -1,
        -1,
        -1,
        -1,
        0,
        -1,
        0,
        -1,
        0,
        -1,
        0,
        -1,
        -1,
        -1,
        -1,
        -1,
        -1,
        -1,
        -1,
        -1,
        -1,
        0,
        0,
        0,
        -1,
        -1,
        0,
        -1,
        0,
        -1,
        -1,
        -1,
        -1,
        -1,
        -1,
        -1,
        -1,
        0,
        0,
        0,
        -1,
        -1,
        0,
        -1,
        -1,
        -1,
        -1,
        -1,
        0,
        0,
        -1,
        0,
        0,
        -1,
        -1,
        -1,
        -1,
        -1,
        0,
        -1,
        0,
        -1,
        -1,
        0,
        -1,
        -1,
        0,
        -1,
        -1,
        -1,
        0,
        -1,
        -1,
        0,
        -1,
        0,
        -1,
        0,
        -1,
        -1,
        0,
        0,
        0,
        -1,
        -1,
        0,
        0,
        0,
        -1,
        -1,
        -1,
        0,
        0,
        -1,
        -1,
        -1,
        -1,
        -1,
        -1,
        -1,
        -1,
        -1,
        0,
        -1,
        -1,
        -1,
        -1,
        -1,
        0,
        -1,
        -1,
        -1,
        0,
        -1,
        -1,
        -1,
        -1,
        -1,
        -1,
        -1,
        -1,
        -1,
        0,
        0,
        -1,
        -1,
        -1,
        -1,
        -1,
        -1,
        -1,
        0,
        -1,
        0,
        -1,
        -1,
        0,
        -1,
        -1,
        -1,
        -1,
        -1,
        -1,
        -1,
        0,
        -1,
        -1,
        -1,
        0,
        -1,
        -1,
        -1,
        -1,
        -1,
        -1,
        -1,
        -1,
        -1,
        -1,
        0,
        0,
        -1,
        -1,
        -1,
        -1,
        -1,
        -1,
        -1,
        -1,
        -1,
        -1,
        -1,
        -1,
        0,
        -1,
        -1,
        -1,
        -1,
        -1,
        -1,
        -1,
        -1,
        0,
        0,
        0,
        0,
        -1,
        0,
        -1,
        -1,
        0,
        -1,
        -1,
        0,
        -1,
        0,
        -1,
        -1,
        -1,
        0,
        -1,
        0,
        -1,
        -1,
        -1,
        -1,
        -1,
        -1,
        -1,
        -1,
        0,
        -1,
        -1,
        -1,
        -1,
        0,
        -1,
        -1,
        0,
        -1,
        0,
        -1,
        -1,
        -1,
        0,
        -1,
        -1,
        0,
        -1,
        -1,
        -1,
        -1,
        -1,
        -1,
        -1,
        -1,
        -1,
        0,
        -1,
        0,
        0,
        0,
        0,
        -1,
        -1,
        -1,
        -1,
        0,
        -1,
        -1,
        -1,
        0,
        -1,
        -1,
        -1,
        0,
        -1,
        -1,
        -1,
        -1,
        -1,
        -1,
        0,
        0,
        -1,
        -1,
        -1,
        0,
        -1,
        0,
        -1,
        -1,
        -1,
        -1,
        -1,
        -1,
        -1,
        0,
        -1,
        0,
        -1,
        0,
        0,
        0,
        0,
        0,
        -1,
        -1,
        -1,
        -1,
        -1,
        -1,
        -1,
        -1,
        -1,
        -1,
        0,
        -1,
        -1,
        -1,
        -1,
        -1,
        -1,
        0,
        -1,
        -1,
        -1,
        0,
        0,
        -1,
        -1,
        -1,
        0,
        -1,
        -1,
        -1,
        -1,
        -1,
        -1,
        -1,
        -1,
        -1,
        -1,
        -1,
        -1,
        -1,
        -1,
        -1,
        -1,
        -1,
        -1,
        -1,
        -1,
        -1,
        -1,
        -1,
        -1,
        -1,
        0,
        -1,
        -1,
        0,
        -1,
        -1,
        -1,
        -1,
        -1,
        -1,
        0,
        -1,
        -1,
        0,
        0,
        -1,
        0,
        0,
        -1,
        0,
        -1,
        0,
        -1,
        -1,
        -1,
        -1,
        -1,
        0,
        -1,
        -1,
        -1,
        -1,
        -1,
        -1,
        -1,
        0,
        -1,
        -1,
        -1,
        -1,
        -1,
        -1,
        -1,
        0,
        -1,
        0,
        -1,
        0,
        -1,
        -1,
        -1,
        0,
        0,
        -1,
        -1,
        0,
        0,
        0,
        0,
        0,
        0,
        -1,
        -1,
        -1,
        -1,
        -1,
        0,
        0,
        -1,
        0,
        0,
        0,
        -1,
        -1,
        0,
        -1,
        0,
        -1,
        -1,
        -1,
        -1,
        -1,
        -1,
        -1,
        -1,
        0,
        0,
        -1,
        -1,
        -1,
        0,
        0,
        -1,
        -1,
        0,
        0,
        -1,
        -1,
        -1,
        -1,
        -1,
        0,
        -1,
        -1,
        -1,
        -1,
        -1,
        -1,
        -1,
        -1,
        -1,
        0,
        -1,
        -1,
        0,
        -1,
        0,
        -1,
        -1,
        -1,
        0,
        -1,
        -1,
        -1,
        0,
        -1,
        -1,
        0,
        0,
        0,
        -1,
        -1,
        -1,
        -1,
        -1,
        -1,
        -1,
        -1,
        0,
        -1,
        -1,
        -1,
        -1,
        -1,
        0,
        -1,
        -1,
        0,
        -1,
        0,
        -1,
        0,
        0,
        -1,
        -1,
        0,
        -1,
        -1,
        0,
        -1,
        -1,
        -1,
        0,
        -1,
        -1,
        -1,
        -1,
        -1,
        -1,
        -1,
        -1,
        -1,
        0,
        -1,
        -1,
        -1,
        -1,
        0,
        0,
        -1,
        0,
        -1,
        0,
        -1,
        0,
        -1,
        -1,
        0,
        -1,
        0,
        -1,
        -1,
        0,
        0,
        -1,
        -1,
        0,
        0,
        -1,
        -1,
        -1,
        -1,
        0,
        0,
        -1,
        -1,
        -1,
        0,
        0,
        -1,
        0,
        0,
        -1,
        -1,
        0,
        -1,
        -1,
        0,
        0,
        0,
        -1,
        0,
        -1,
        -1,
        0,
        0,
        -1,
        -1,
        -1,
        0,
        0,
        -1,
        0,
        -1,
        -1,
        0,
        -1,
        -1,
        0,
        -1,
        -1,
        0,
        -1,
        -1,
        0,
        -1,
        -1,
        -1,
        -1,
        0,
        -1,
        0,
        0,
        -1,
        0,
        -1,
        -1,
        0,
        0,
        -1,
        0,
        -1,
        -1,
        -1,
        0,
        0,
        -1,
        -1,
        -1,
        -1,
        -1,
        0,
        0,
        -1,
        -1,
        -1,
        -1,
        -1,
        -1,
        -1,
        -1,
        -1,
        -1,
        -1,
        0,
        -1,
        -1,
        -1,
        -1,
        0,
        0,
        -1,
        0,
        -1,
        0,
        -1,
        -1,
        -1,
        -1,
        0,
        -1,
        0,
        -1,
        -1,
        0,
        -1,
        -1,
        -1,
        0,
        0,
        0,
        -1,
        0,
        -1,
        -1,
        -1,
        0,
        0,
        -1,
        -1,
        -1,
        -1,
        -1,
        -1,
        -1,
        -1,
        -1,
        -1,
        -1,
        -1,
        -1,
        -1,
        0,
        0,
        -1,
        -1,
        -1,
        -1,
        -1,
        0,
        -1,
        -1,
        -1,
        -1,
        0,
        -1,
        -1,
        -1,
        0,
        0,
        0,
        0,
        -1,
        0,
        -1,
        0,
        -1,
        -1,
        -1,
        0,
        -1,
        -1,
        0,
        -1,
        -1,
        -1,
        0,
        -1,
        -1,
        0,
        -1,
        -1,
        -1,
        -1,
        -1,
        0,
        -1,
        -1,
        -1,
        0,
        -1,
        0,
        -1,
        -1,
        -1,
        -1,
        -1,
        0,
        -1,
        -1,
        -1,
        -1,
        -1,
        0,
        0,
        0,
        -1,
        0,
        -1,
        0,
        -1,
        -1,
        0,
        -1,
        -1,
        -1,
        -1,
        -1,
        -1,
        -1,
        -1,
        -1,
        -1,
        0,
        0,
        -1,
        -1,
        0,
        -1,
        0,
        0,
        0,
        0,
        0,
        -1,
        0,
        0,
        -1,
        -1,
        -1,
        -1,
        -1,
        -1,
        -1,
        -1,
        -1,
        -1,
        0,
        0,
        0,
        -1,
        0,
        -1,
        -1,
        -1,
        -1,
        -1,
        0,
        0,
        -1,
        -1,
        -1,
        0,
        -1,
        -1,
        -1,
        -1,
        0,
        -1,
        -1,
        -1,
        0,
        -1,
        -1,
        -1,
        -1,
        0,
        0,
        0,
        0,
        -1,
        0,
        -1,
        -1,
        -1,
        -1,
        0,
        0,
        -1,
        0,
        0,
        -1,
        -1,
        0,
        -1,
        -1,
        0,
        -1,
        -1,
        -1,
        -1,
        0,
        -1,
        -1,
        -1,
        -1,
        0,
        -1,
        -1,
        -1,
        -1,
        0,
        -1,
        0,
        -1,
        -1,
        0,
        -1,
        -1,
        -1,
        -1,
        -1,
        0,
        0,
        -1,
        -1,
        -1,
        0,
        0,
        0,
        -1,
        -1,
        0,
        -1,
        -1,
        -1,
        -1,
        0,
        -1,
        -1,
        -1,
        -1,
        -1,
        -1,
        0,
        -1,
        -1,
        -1,
        -1,
        -1,
        -1,
        0,
        -1,
        -1,
        0,
        0,
        0,
        -1,
        -1,
        0,
        0,
        -1,
        0,
        0,
        0,
        -1,
        0,
        -1,
        0,
        -1,
        -1,
        0,
        -1,
        -1,
        -1,
        -1,
        -1,
        -1,
        0,
        -1,
        -1,
        0,
        -1,
        -1,
        -1,
        -1,
        0,
        -1,
        -1,
        -1,
        0,
        -1,
        -1,
        -1,
        -1,
        -1,
        -1,
        -1,
        0,
        0,
        -1,
        -1,
        -1,
        0,
        -1,
        0,
        0,
        0,
        -1,
        -1,
        0,
        -1,
        -1,
        -1,
        -1,
        -1,
        0,
        -1,
        0,
        -1,
        0,
        -1,
        -1,
        -1,
        -1,
        0,
        -1,
        -1,
        0,
        -1,
        -1,
        -1,
        0,
        -1,
        -1,
        0,
        -1,
        -1,
        -1,
        -1,
        0,
        -1,
        -1,
        -1,
        0,
        -1,
        -1,
        -1,
        -1,
        0,
        -1,
        -1,
        0,
        -1,
        0,
        -1,
        -1,
        -1,
        -1,
        -1,
        0,
        0,
        -1,
        -1,
        0,
        0,
        -1,
        -1,
        -1,
        -1,
        -1,
        0,
        -1,
        -1,
        -1,
        -1,
        -1,
        -1,
        -1,
        -1,
        -1,
        -1,
        0,
        -1,
        -1,
        0,
        -1,
        -1,
        -1,
        -1,
        0,
        -1,
        -1,
        -1,
        -1,
        -1,
        0,
        -1,
        -1,
        -1,
        -1,
        0,
        -1,
        -1,
        -1,
        -1,
        -1,
        -1,
        0,
        0,
        -1,
        -1,
        -1,
        0,
        -1,
        -1,
        0,
        -1,
        -1,
        0,
        0,
        -1,
        -1,
        0,
        0,
        -1,
        -1,
        -1,
        -1,
        -1,
        -1,
        -1,
        0,
        -1,
        0,
        -1,
        -1,
        -1,
        -1,
        -1,
        0,
        -1,
        -1,
        -1,
        -1,
        0,
        -1,
        -1,
        -1,
        0,
        -1,
        -1,
        -1,
        -1,
        -1,
        0,
        0,
        -1,
        -1,
        -1,
        -1,
        -1,
        -1,
        -1,
        0,
        -1,
        -1,
        -1,
        -1,
        0,
        -1,
        -1,
        -1,
        -1,
        -1,
        -1,
        -1,
        0,
        0,
        -1,
        -1,
        -1,
        -1,
        0,
        -1,
        -1,
        -1,
        -1,
        0,
        -1,
        -1,
        -1,
        -1,
        -1,
        -1,
        -1,
        -1,
        0,
        -1,
        -1,
        -1,
        -1,
        -1,
        -1,
        -1,
        -1,
        -1,
        -1,
        0,
        -1,
        -1,
        -1,
        -1,
        -1,
        0,
        0,
        -1,
        -1,
        0,
        -1,
        -1,
        -1,
        -1,
        -1,
        0,
        -1,
        -1,
        -1,
        0,
        -1,
        -1,
        -1,
        -1,
        -1,
        0,
        -1,
        -1,
        -1,
        0,
        0,
        -1,
        -1,
        0,
        -1,
        0,
        0,
        -1,
        -1,
        -1,
        -1,
        0,
        0,
        0,
        0,
        -1,
        -1,
        -1,
        0,
        -1,
        -1,
        -1,
        -1,
        0,
        -1,
        -1,
        0,
        0,
        0,
        -1,
        -1,
        0,
        0,
        -1,
        -1,
        0,
        0,
        -1,
        -1,
        -1,
        -1,
        -1,
        -1,
        0,
        0,
        0,
        -1,
        -1,
        0,
        0,
        0,
        -1,
        -1,
        -1,
        -1,
        0,
        -1,
        -1,
        0,
        -1,
        0,
        -1,
        -1,
        0,
        -1,
        0,
        0,
        -1,
        0,
        0,
        -1,
        -1,
        -1,
        -1,
        0,
        -1,
        -1,
        0,
        -1,
        -1,
        0,
        -1,
        -1,
        -1,
        -1,
        -1,
        -1,
        -1,
        -1,
        -1,
        0,
        -1,
        -1,
        -1,
        0,
        -1,
        0,
        0,
        -1,
        -1,
        -1,
        -1,
        -1,
        -1,
        -1,
        0,
        0,
        -1,
        -1,
        -1,
        -1,
        -1,
        0,
        -1,
        -1,
        -1,
        0,
        0,
        0,
        0,
        0,
        -1,
        -1,
        -1,
        -1,
        -1,
        -1,
        -1,
        -1,
        0,
        0,
        -1,
        -1,
        -1,
        -1,
        -1,
        -1,
        0,
        0,
        -1,
        0,
        -1,
        -1,
        -1,
        0,
        0,
        -1,
        -1,
        -1,
        -1,
        -1,
        -1,
        -1,
        -1,
        -1,
        -1,
        -1,
        0,
        -1,
        -1,
        -1,
        -1,
        -1,
        -1,
        -1,
        -1,
        -1,
        -1,
        0,
        -1,
        0,
        -1,
        0,
        -1,
        -1,
        -1,
        -1,
        -1,
        -1,
        -1,
        -1,
        -1,
        0,
        0,
        -1,
        -1,
        -1,
        -1,
        -1,
        0,
        0,
        -1,
        0,
        0,
        -1,
        -1,
        0,
        -1,
        -1,
        0,
        -1,
        0,
        0,
        -1,
        -1,
        0,
        -1,
        -1,
        -1,
        -1,
        -1,
        0,
        -1,
        0,
        0,
        -1,
        0,
        -1,
        -1,
        0,
        -1,
        0,
        0,
        -1,
        0,
        -1,
        -1,
        0,
        -1,
        -1,
        0,
        -1,
        0,
        -1,
        -1,
        -1,
        -1,
        -1,
        -1,
        -1,
        -1,
        -1,
        0,
        0,
        -1,
        0,
        -1,
        -1,
        0,
        -1,
        -1,
        -1,
        -1,
        -1,
        -1,
        -1,
        -1,
        0,
        -1,
        -1,
        0,
        0,
        0,
        0,
        -1,
        -1,
        0,
        -1,
        0,
        0,
        -1,
        -1,
        -1,
        0,
        -1,
        -1,
        0,
        0,
        -1,
        -1,
        -1,
        -1,
        -1,
        -1,
        0,
        -1,
        0,
        -1,
        -1,
        -1,
        -1,
        -1,
        -1,
        0,
        -1,
        0,
        0,
        -1,
        -1,
        -1,
        0,
        0,
        -1,
        0,
        -1,
        0,
        0,
        0,
        -1,
        -1,
        -1,
        0,
        -1,
        -1,
        0,
        -1,
        -1,
        -1,
        0,
        -1,
        -1,
        -1,
        -1,
        -1,
        -1,
        -1,
        0,
        0,
        -1,
        -1,
        0,
        -1,
        -1,
        0,
        -1,
        -1,
        0,
        -1,
        0,
        -1,
        0,
        -1,
        -1,
        -1,
        0,
        -1,
        0,
        -1,
        -1,
        -1,
        0,
        -1,
        -1,
        0,
        -1,
        -1,
        0,
        -1,
        0,
        -1,
        -1,
        -1,
        0,
        -1,
        0,
        -1,
        -1,
        -1,
        -1,
        0,
        -1,
        -1,
        -1,
        -1,
        -1,
        0,
        -1,
        -1,
        0,
        -1,
        -1,
        -1,
        -1,
        -1,
        -1,
        -1,
        -1,
        0,
        0,
        0,
        0,
        -1,
        -1,
        0,
        0,
        -1,
        -1,
        -1,
        0,
        0,
        0,
        -1,
        0,
        -1,
        -1,
        0,
        -1,
        -1,
        -1,
        -1,
        0,
        -1,
        0,
        -1,
        0,
        -1,
        -1,
        0,
        -1,
        0,
        -1,
        -1,
        -1,
        -1,
        0,
        -1,
        -1,
        -1,
        0,
        -1,
        -1,
        -1,
        0,
        0,
        -1,
        -1,
        0,
        -1,
        0,
        -1,
        0,
        -1,
        0,
        0,
        -1,
        -1,
        -1,
        -1,
        0,
        -1,
        -1,
        0,
        0,
        -1,
        -1,
        -1,
        -1,
        -1,
        -1,
        -1,
        0,
        0,
        -1,
        -1,
        -1,
        -1,
        -1,
        0,
        -1,
        -1,
        -1,
        0,
        -1,
        -1,
        0,
        -1,
        -1,
        -1,
        -1,
        -1,
        0,
        -1,
        -1,
        -1,
        -1,
        -1,
        0,
        -1,
        -1,
        0,
        -1,
        0,
        -1,
        -1,
        0,
        0,
        -1,
        0,
        -1,
        0,
        -1,
        -1,
        -1,
        -1,
        0,
        0,
        -1,
        -1,
        0,
        0,
        -1,
        -1,
        -1,
        -1,
        0,
        -1,
        -1,
        0,
        -1,
        -1,
        0,
        -1,
        -1,
        -1,
        -1,
        -1,
        0,
        -1,
        -1,
        -1,
        0,
        -1,
        -1,
        -1,
        -1,
        -1,
        -1,
        0,
        -1,
        -1,
        -1,
        -1,
        -1,
        -1,
        0,
        -1,
        -1,
        -1,
        0,
        0,
        -1,
        -1,
        -1,
        -1,
        -1,
        0,
        -1,
        0,
        0,
        0,
        -1,
        -1,
        -1,
        -1,
        -1,
        -1,
        0,
        -1,
        -1,
        -1,
        0,
        0,
        -1,
        -1,
        -1,
        -1,
        0,
        -1,
        -1,
        0,
        0,
        -1,
        0,
        -1,
        -1,
        -1,
        -1,
        0,
        -1,
        -1,
        0,
        -1,
        -1,
        -1,
        -1,
        -1,
        -1,
        -1,
        -1,
        -1,
        -1,
        -1,
        -1,
        0,
        -1,
        -1,
        -1,
        -1,
        -1,
        0,
        0,
        -1,
        -1,
        -1,
        0,
        -1,
        0,
        0,
        0,
        -1,
        -1,
        -1,
        -1,
        -1,
        -1,
        -1,
        0,
        -1,
        -1,
        -1,
        -1,
        -1,
        -1,
        -1,
        -1,
        -1,
        -1,
        -1,
        -1,
        -1,
        -1,
        0,
        0,
        -1,
        0,
        -1,
        -1,
        -1,
        -1,
        0,
        -1,
        0,
        -1,
        0,
        -1,
        -1,
        -1,
        -1,
        0,
        -1,
        0,
        -1,
        -1,
        0,
        -1,
        -1,
        -1,
        -1,
        -1,
        -1,
        -1,
        -1,
        -1,
        -1,
        -1,
        -1,
        -1,
        -1,
        0,
        -1,
        -1,
        0,
        -1,
        -1,
        -1,
        0,
        -1,
        -1,
        -1,
        -1,
        0,
        0,
        -1,
        0,
        -1,
        -1,
        0,
        -1,
        0,
        0,
        0,
        -1,
        -1,
        -1,
        -1,
        -1,
        -1,
        -1,
        0,
        -1,
        0,
        -1,
        -1,
        -1,
        0,
        -1,
    ],
}
