---
source: crates/bitnet-kernels/tests/gpu_snapshot_regression.rs
expression: "KernelSnapshot\n{\n    kernel: \"ternary_dequantize\", size_class: \"large\", shape: vec![4096],\n    output: deq,\n}"
---
KernelSnapshot {
    kernel: "ternary_dequantize",
    size_class: "large",
    shape: [
        4096,
    ],
    output: [
        -0.42,
        -0.42,
        -0.42,
        0.0,
        0.0,
        -0.42,
        0.0,
        -0.42,
        -0.42,
        -0.42,
        -0.42,
        -0.42,
        -0.42,
        -0.42,
        0.0,
        0.0,
        0.0,
        -0.42,
        -0.42,
        -0.42,
        -0.42,
        -0.42,
        -0.42,
        0.0,
        -0.42,
        -0.42,
        0.0,
        0.0,
        -0.42,
        0.0,
        0.0,
        0.0,
        -0.42,
        -0.42,
        -0.42,
        -0.42,
        -0.42,
        -0.42,
        -0.42,
        0.0,
        -0.42,
        0.0,
        0.0,
        0.0,
        0.0,
        -0.42,
        -0.42,
        -0.42,
        -0.42,
        0.0,
        -0.42,
        -0.42,
        -0.42,
        -0.42,
        -0.42,
        -0.42,
        -0.42,
        0.0,
        0.0,
        -0.42,
        -0.42,
        -0.42,
        -0.42,
        -0.42,
        -0.42,
        0.0,
        -0.42,
        -0.42,
        -0.42,
        -0.42,
        -0.42,
        -0.42,
        0.0,
        -0.42,
        0.0,
        -0.42,
        -0.42,
        -0.42,
        -0.42,
        -0.42,
        -0.42,
        -0.42,
        -0.42,
        -0.42,
        -0.42,
        -0.42,
        -0.42,
        -0.42,
        0.0,
        -0.42,
        -0.42,
        0.0,
        -0.42,
        -0.42,
        -0.42,
        -0.42,
        0.0,
        0.0,
        -0.42,
        0.0,
        0.0,
        -0.42,
        -0.42,
        -0.42,
        -0.42,
        0.0,
        0.0,
        0.0,
        -0.42,
        -0.42,
        0.0,
        -0.42,
        0.0,
        0.0,
        -0.42,
        -0.42,
        -0.42,
        -0.42,
        -0.42,
        0.0,
        0.0,
        -0.42,
        -0.42,
        0.0,
        -0.42,
        -0.42,
        -0.42,
        -0.42,
        -0.42,
        0.0,
        -0.42,
        -0.42,
        -0.42,
        0.0,
        -0.42,
        -0.42,
        0.0,
        -0.42,
        -0.42,
        -0.42,
        -0.42,
        0.0,
        -0.42,
        -0.42,
        0.0,
        -0.42,
        0.0,
        -0.42,
        -0.42,
        -0.42,
        -0.42,
        -0.42,
        0.0,
        0.0,
        -0.42,
        -0.42,
        0.0,
        -0.42,
        -0.42,
        -0.42,
        -0.42,
        -0.42,
        0.0,
        0.0,
        -0.42,
        -0.42,
        -0.42,
        -0.42,
        -0.42,
        -0.42,
        -0.42,
        0.0,
        0.0,
        0.0,
        -0.42,
        -0.42,
        -0.42,
        0.0,
        0.0,
        -0.42,
        -0.42,
        -0.42,
        -0.42,
        -0.42,
        0.0,
        -0.42,
        -0.42,
        -0.42,
        -0.42,
        -0.42,
        0.0,
        -0.42,
        0.0,
        -0.42,
        -0.42,
        -0.42,
        -0.42,
        0.0,
        0.0,
        -0.42,
        -0.42,
        -0.42,
        -0.42,
        -0.42,
        -0.42,
        -0.42,
        -0.42,
        -0.42,
        -0.42,
        0.0,
        -0.42,
        0.0,
        0.0,
        -0.42,
        -0.42,
        0.0,
        -0.42,
        0.0,
        0.0,
        0.0,
        -0.42,
        -0.42,
        -0.42,
        0.0,
        -0.42,
        -0.42,
        -0.42,
        -0.42,
        0.0,
        -0.42,
        -0.42,
        -0.42,
        0.0,
        0.0,
        -0.42,
        -0.42,
        -0.42,
        0.0,
        -0.42,
        -0.42,
        -0.42,
        -0.42,
        -0.42,
        0.0,
        -0.42,
        -0.42,
        0.0,
        -0.42,
        0.0,
        -0.42,
        -0.42,
        0.0,
        0.0,
        -0.42,
        0.0,
        0.0,
        0.0,
        -0.42,
        -0.42,
        -0.42,
        -0.42,
        0.0,
        -0.42,
        -0.42,
        -0.42,
        -0.42,
        -0.42,
        0.0,
        0.0,
        -0.42,
        0.0,
        -0.42,
        -0.42,
        -0.42,
        0.0,
        0.0,
        0.0,
        -0.42,
        -0.42,
        -0.42,
        -0.42,
        -0.42,
        -0.42,
        -0.42,
        -0.42,
        -0.42,
        -0.42,
        0.0,
        -0.42,
        0.0,
        0.0,
        -0.42,
        -0.42,
        0.0,
        0.0,
        -0.42,
        -0.42,
        -0.42,
        -0.42,
        -0.42,
        0.0,
        -0.42,
        -0.42,
        -0.42,
        -0.42,
        -0.42,
        -0.42,
        -0.42,
        0.0,
        -0.42,
        -0.42,
        -0.42,
        -0.42,
        -0.42,
        0.0,
        -0.42,
        -0.42,
        -0.42,
        -0.42,
        -0.42,
        -0.42,
        -0.42,
        -0.42,
        -0.42,
        -0.42,
        -0.42,
        0.0,
        -0.42,
        -0.42,
        0.0,
        0.0,
        0.0,
        0.0,
        -0.42,
        -0.42,
        -0.42,
        -0.42,
        -0.42,
        -0.42,
        -0.42,
        0.0,
        -0.42,
        -0.42,
        0.0,
        -0.42,
        -0.42,
        -0.42,
        -0.42,
        -0.42,
        -0.42,
        -0.42,
        -0.42,
        0.0,
        -0.42,
        -0.42,
        -0.42,
        -0.42,
        -0.42,
        0.0,
        -0.42,
        -0.42,
        0.0,
        -0.42,
        0.0,
        -0.42,
        -0.42,
        -0.42,
        -0.42,
        -0.42,
        -0.42,
        -0.42,
        0.0,
        0.0,
        -0.42,
        0.0,
        0.0,
        -0.42,
        0.0,
        -0.42,
        -0.42,
        -0.42,
        -0.42,
        0.0,
        0.0,
        -0.42,
        -0.42,
        0.0,
        -0.42,
        -0.42,
        0.0,
        0.0,
        -0.42,
        -0.42,
        0.0,
        -0.42,
        -0.42,
        0.0,
        -0.42,
        -0.42,
        -0.42,
        0.0,
        -0.42,
        -0.42,
        -0.42,
        0.0,
        0.0,
        0.0,
        0.0,
        -0.42,
        -0.42,
        -0.42,
        0.0,
        -0.42,
        -0.42,
        -0.42,
        -0.42,
        -0.42,
        0.0,
        -0.42,
        0.0,
        -0.42,
        0.0,
        -0.42,
        -0.42,
        -0.42,
        -0.42,
        0.0,
        -0.42,
        0.0,
        0.0,
        -0.42,
        -0.42,
        -0.42,
        -0.42,
        -0.42,
        -0.42,
        0.0,
        -0.42,
        0.0,
        -0.42,
        0.0,
        -0.42,
        -0.42,
        -0.42,
        0.0,
        -0.42,
        0.0,
        -0.42,
        -0.42,
        -0.42,
        -0.42,
        -0.42,
        -0.42,
        -0.42,
        -0.42,
        -0.42,
        0.0,
        -0.42,
        -0.42,
        -0.42,
        -0.42,
        -0.42,
        -0.42,
        -0.42,
        0.0,
        -0.42,
        -0.42,
        -0.42,
        -0.42,
        -0.42,
        -0.42,
        -0.42,
        0.0,
        -0.42,
        -0.42,
        0.0,
        0.0,
        -0.42,
        -0.42,
        -0.42,
        -0.42,
        -0.42,
        -0.42,
        -0.42,
        0.0,
        -0.42,
        -0.42,
        -0.42,
        -0.42,
        -0.42,
        0.0,
        -0.42,
        0.0,
        0.0,
        -0.42,
        -0.42,
        -0.42,
        -0.42,
        -0.42,
        0.0,
        0.0,
        0.0,
        0.0,
        0.0,
        -0.42,
        -0.42,
        -0.42,
        -0.42,
        -0.42,
        -0.42,
        0.0,
        -0.42,
        -0.42,
        -0.42,
        -0.42,
        -0.42,
        -0.42,
        0.0,
        -0.42,
        -0.42,
        -0.42,
        0.0,
        0.0,
        -0.42,
        -0.42,
        0.0,
        -0.42,
        0.0,
        0.0,
        -0.42,
        -0.42,
        -0.42,
        -0.42,
        0.0,
        -0.42,
        -0.42,
        -0.42,
        -0.42,
        -0.42,
        0.0,
        -0.42,
        0.0,
        -0.42,
        -0.42,
        -0.42,
        0.0,
        -0.42,
        0.0,
        -0.42,
        -0.42,
        -0.42,
        -0.42,
        -0.42,
        0.0,
        -0.42,
        0.0,
        -0.42,
        -0.42,
        0.0,
        -0.42,
        0.0,
        -0.42,
        -0.42,
        -0.42,
        -0.42,
        -0.42,
        -0.42,
        0.0,
        -0.42,
        -0.42,
        -0.42,
        -0.42,
        0.0,
        -0.42,
        0.0,
        0.0,
        -0.42,
        -0.42,
        -0.42,
        -0.42,
        -0.42,
        -0.42,
        0.0,
        -0.42,
        -0.42,
        -0.42,
        -0.42,
        -0.42,
        0.0,
        -0.42,
        -0.42,
        -0.42,
        -0.42,
        -0.42,
        0.0,
        -0.42,
        -0.42,
        -0.42,
        0.0,
        0.0,
        -0.42,
        -0.42,
        -0.42,
        -0.42,
        -0.42,
        0.0,
        -0.42,
        -0.42,
        -0.42,
        0.0,
        -0.42,
        0.0,
        0.0,
        -0.42,
        0.0,
        0.0,
        0.0,
        -0.42,
        -0.42,
        0.0,
        -0.42,
        -0.42,
        -0.42,
        -0.42,
        0.0,
        -0.42,
        -0.42,
        -0.42,
        -0.42,
        0.0,
        -0.42,
        -0.42,
        -0.42,
        -0.42,
        -0.42,
        -0.42,
        -0.42,
        0.0,
        -0.42,
        -0.42,
        0.0,
        -0.42,
        0.0,
        0.0,
        -0.42,
        -0.42,
        -0.42,
        0.0,
        -0.42,
        -0.42,
        -0.42,
        0.0,
        -0.42,
        -0.42,
        -0.42,
        -0.42,
        0.0,
        -0.42,
        -0.42,
        0.0,
        0.0,
        0.0,
        -0.42,
        -0.42,
        -0.42,
        -0.42,
        -0.42,
        -0.42,
        0.0,
        0.0,
        -0.42,
        0.0,
        -0.42,
        0.0,
        0.0,
        -0.42,
        -0.42,
        0.0,
        0.0,
        0.0,
        -0.42,
        0.0,
        -0.42,
        -0.42,
        -0.42,
        -0.42,
        -0.42,
        0.0,
        -0.42,
        -0.42,
        -0.42,
        0.0,
        -0.42,
        -0.42,
        -0.42,
        -0.42,
        0.0,
        -0.42,
        0.0,
        -0.42,
        -0.42,
        -0.42,
        0.0,
        0.0,
        0.0,
        0.0,
        0.0,
        -0.42,
        -0.42,
        -0.42,
        -0.42,
        -0.42,
        -0.42,
        0.0,
        -0.42,
        -0.42,
        0.0,
        -0.42,
        -0.42,
        -0.42,
        -0.42,
        -0.42,
        -0.42,
        -0.42,
        -0.42,
        0.0,
        0.0,
        -0.42,
        -0.42,
        -0.42,
        0.0,
        0.0,
        -0.42,
        0.0,
        0.0,
        -0.42,
        -0.42,
        0.0,
        -0.42,
        -0.42,
        -0.42,
        -0.42,
        0.0,
        -0.42,
        0.0,
        -0.42,
        -0.42,
        -0.42,
        -0.42,
        -0.42,
        0.0,
        -0.42,
        -0.42,
        -0.42,
        -0.42,
        -0.42,
        -0.42,
        -0.42,
        -0.42,
        -0.42,
        -0.42,
        -0.42,
        -0.42,
        0.0,
        0.0,
        -0.42,
        -0.42,
        -0.42,
        -0.42,
        -0.42,
        0.0,
        -0.42,
        0.0,
        -0.42,
        -0.42,
        -0.42,
        0.0,
        -0.42,
        0.0,
        -0.42,
        -0.42,
        0.0,
        -0.42,
        0.0,
        0.0,
        0.0,
        -0.42,
        0.0,
        -0.42,
        0.0,
        -0.42,
        -0.42,
        -0.42,
        -0.42,
        -0.42,
        -0.42,
        -0.42,
        -0.42,
        -0.42,
        -0.42,
        -0.42,
        -0.42,
        -0.42,
        0.0,
        -0.42,
        -0.42,
        0.0,
        -0.42,
        -0.42,
        -0.42,
        -0.42,
        -0.42,
        0.0,
        -0.42,
        -0.42,
        -0.42,
        0.0,
        -0.42,
        -0.42,
        0.0,
        -0.42,
        0.0,
        0.0,
        -0.42,
        -0.42,
        -0.42,
        0.0,
        0.0,
        -0.42,
        -0.42,
        -0.42,
        0.0,
        0.0,
        -0.42,
        0.0,
        -0.42,
        0.0,
        -0.42,
        -0.42,
        0.0,
        -0.42,
        -0.42,
        -0.42,
        -0.42,
        -0.42,
        -0.42,
        0.0,
        -0.42,
        -0.42,
        0.0,
        -0.42,
        -0.42,
        -0.42,
        -0.42,
        0.0,
        -0.42,
        -0.42,
        0.0,
        0.0,
        -0.42,
        -0.42,
        -0.42,
        -0.42,
        -0.42,
        -0.42,
        -0.42,
        -0.42,
        -0.42,
        0.0,
        -0.42,
        -0.42,
        0.0,
        -0.42,
        -0.42,
        -0.42,
        0.0,
        -0.42,
        -0.42,
        -0.42,
        -0.42,
        -0.42,
        -0.42,
        -0.42,
        -0.42,
        -0.42,
        -0.42,
        0.0,
        0.0,
        0.0,
        -0.42,
        0.0,
        -0.42,
        -0.42,
        0.0,
        -0.42,
        0.0,
        -0.42,
        -0.42,
        -0.42,
        -0.42,
        -0.42,
        -0.42,
        -0.42,
        0.0,
        -0.42,
        0.0,
        -0.42,
        -0.42,
        -0.42,
        -0.42,
        -0.42,
        -0.42,
        -0.42,
        0.0,
        -0.42,
        0.0,
        0.0,
        -0.42,
        -0.42,
        0.0,
        -0.42,
        -0.42,
        -0.42,
        -0.42,
        -0.42,
        -0.42,
        -0.42,
        -0.42,
        -0.42,
        -0.42,
        -0.42,
        0.0,
        -0.42,
        -0.42,
        -0.42,
        -0.42,
        -0.42,
        0.0,
        -0.42,
        0.0,
        -0.42,
        -0.42,
        0.0,
        -0.42,
        -0.42,
        -0.42,
        0.0,
        -0.42,
        0.0,
        -0.42,
        -0.42,
        -0.42,
        -0.42,
        -0.42,
        0.0,
        -0.42,
        -0.42,
        0.0,
        -0.42,
        -0.42,
        -0.42,
        -0.42,
        0.0,
        -0.42,
        0.0,
        -0.42,
        -0.42,
        0.0,
        -0.42,
        -0.42,
        -0.42,
        -0.42,
        -0.42,
        -0.42,
        0.0,
        0.0,
        -0.42,
        -0.42,
        0.0,
        0.0,
        -0.42,
        -0.42,
        -0.42,
        -0.42,
        0.0,
        0.0,
        0.0,
        -0.42,
        -0.42,
        -0.42,
        -0.42,
        -0.42,
        -0.42,
        -0.42,
        -0.42,
        0.0,
        0.0,
        -0.42,
        0.0,
        -0.42,
        -0.42,
        -0.42,
        0.0,
        -0.42,
        0.0,
        -0.42,
        -0.42,
        -0.42,
        0.0,
        -0.42,
        -0.42,
        -0.42,
        -0.42,
        -0.42,
        -0.42,
        0.0,
        -0.42,
        -0.42,
        0.0,
        0.0,
        -0.42,
        -0.42,
        0.0,
        -0.42,
        0.0,
        -0.42,
        -0.42,
        -0.42,
        -0.42,
        -0.42,
        0.0,
        0.0,
        0.0,
        -0.42,
        -0.42,
        -0.42,
        -0.42,
        -0.42,
        0.0,
        -0.42,
        -0.42,
        -0.42,
        0.0,
        -0.42,
        0.0,
        0.0,
        -0.42,
        -0.42,
        0.0,
        0.0,
        0.0,
        -0.42,
        0.0,
        0.0,
        -0.42,
        -0.42,
        0.0,
        0.0,
        -0.42,
        -0.42,
        0.0,
        -0.42,
        0.0,
        -0.42,
        -0.42,
        -0.42,
        -0.42,
        -0.42,
        -0.42,
        -0.42,
        -0.42,
        0.0,
        -0.42,
        -0.42,
        0.0,
        -0.42,
        0.0,
        0.0,
        0.0,
        -0.42,
        0.0,
        -0.42,
        0.0,
        -0.42,
        -0.42,
        -0.42,
        -0.42,
        0.0,
        0.0,
        -0.42,
        -0.42,
        -0.42,
        0.0,
        -0.42,
        -0.42,
        -0.42,
        0.0,
        -0.42,
        -0.42,
        -0.42,
        0.0,
        -0.42,
        -0.42,
        0.0,
        -0.42,
        0.0,
        -0.42,
        0.0,
        -0.42,
        -0.42,
        -0.42,
        -0.42,
        0.0,
        -0.42,
        0.0,
        -0.42,
        0.0,
        -0.42,
        0.0,
        -0.42,
        -0.42,
        -0.42,
        -0.42,
        0.0,
        -0.42,
        0.0,
        0.0,
        -0.42,
        0.0,
        -0.42,
        -0.42,
        -0.42,
        -0.42,
        -0.42,
        -0.42,
        -0.42,
        0.0,
        0.0,
        -0.42,
        -0.42,
        0.0,
        -0.42,
        -0.42,
        -0.42,
        -0.42,
        0.0,
        -0.42,
        -0.42,
        -0.42,
        -0.42,
        -0.42,
        0.0,
        -0.42,
        0.0,
        0.0,
        -0.42,
        -0.42,
        -0.42,
        -0.42,
        -0.42,
        -0.42,
        0.0,
        -0.42,
        -0.42,
        -0.42,
        -0.42,
        -0.42,
        -0.42,
        0.0,
        0.0,
        -0.42,
        -0.42,
        0.0,
        -0.42,
        -0.42,
        -0.42,
        -0.42,
        -0.42,
        -0.42,
        -0.42,
        -0.42,
        0.0,
        -0.42,
        -0.42,
        0.0,
        0.0,
        -0.42,
        -0.42,
        0.0,
        0.0,
        -0.42,
        -0.42,
        -0.42,
        0.0,
        -0.42,
        -0.42,
        -0.42,
        -0.42,
        -0.42,
        -0.42,
        -0.42,
        -0.42,
        -0.42,
        0.0,
        0.0,
        0.0,
        -0.42,
        -0.42,
        0.0,
        -0.42,
        0.0,
        -0.42,
        -0.42,
        -0.42,
        -0.42,
        -0.42,
        -0.42,
        -0.42,
        -0.42,
        -0.42,
        -0.42,
        -0.42,
        -0.42,
        -0.42,
        -0.42,
        -0.42,
        -0.42,
        -0.42,
        -0.42,
        0.0,
        -0.42,
        -0.42,
        -0.42,
        0.0,
        0.0,
        -0.42,
        0.0,
        0.0,
        0.0,
        -0.42,
        0.0,
        -0.42,
        -0.42,
        0.0,
        -0.42,
        -0.42,
        0.0,
        0.0,
        -0.42,
        -0.42,
        -0.42,
        -0.42,
        -0.42,
        -0.42,
        -0.42,
        0.0,
        0.0,
        0.0,
        -0.42,
        0.0,
        0.0,
        -0.42,
        -0.42,
        -0.42,
        -0.42,
        0.0,
        0.0,
        -0.42,
        -0.42,
        -0.42,
        -0.42,
        0.0,
        -0.42,
        -0.42,
        -0.42,
        -0.42,
        0.0,
        0.0,
        -0.42,
        -0.42,
        0.0,
        -0.42,
        -0.42,
        -0.42,
        0.0,
        -0.42,
        0.0,
        0.0,
        0.0,
        0.0,
        -0.42,
        -0.42,
        -0.42,
        -0.42,
        -0.42,
        -0.42,
        -0.42,
        0.0,
        -0.42,
        0.0,
        -0.42,
        0.0,
        -0.42,
        -0.42,
        0.0,
        -0.42,
        0.0,
        0.0,
        -0.42,
        -0.42,
        -0.42,
        -0.42,
        -0.42,
        -0.42,
        0.0,
        -0.42,
        0.0,
        -0.42,
        -0.42,
        -0.42,
        -0.42,
        0.0,
        -0.42,
        -0.42,
        -0.42,
        -0.42,
        0.0,
        -0.42,
        -0.42,
        -0.42,
        -0.42,
        -0.42,
        -0.42,
        0.0,
        -0.42,
        0.0,
        -0.42,
        0.0,
        -0.42,
        -0.42,
        -0.42,
        -0.42,
        0.0,
        0.0,
        -0.42,
        -0.42,
        -0.42,
        0.0,
        -0.42,
        -0.42,
        -0.42,
        -0.42,
        -0.42,
        -0.42,
        0.0,
        0.0,
        0.0,
        0.0,
        -0.42,
        -0.42,
        -0.42,
        -0.42,
        -0.42,
        -0.42,
        -0.42,
        0.0,
        0.0,
        -0.42,
        -0.42,
        -0.42,
        -0.42,
        -0.42,
        0.0,
        -0.42,
        -0.42,
        -0.42,
        -0.42,
        0.0,
        -0.42,
        0.0,
        -0.42,
        -0.42,
        -0.42,
        0.0,
        -0.42,
        -0.42,
        0.0,
        0.0,
        -0.42,
        -0.42,
        -0.42,
        0.0,
        -0.42,
        0.0,
        -0.42,
        -0.42,
        0.0,
        -0.42,
        -0.42,
        -0.42,
        0.0,
        -0.42,
        -0.42,
        -0.42,
        -0.42,
        -0.42,
        -0.42,
        0.0,
        -0.42,
        -0.42,
        0.0,
        0.0,
        -0.42,
        -0.42,
        -0.42,
        0.0,
        -0.42,
        0.0,
        -0.42,
        -0.42,
        -0.42,
        -0.42,
        -0.42,
        0.0,
        0.0,
        -0.42,
        0.0,
        -0.42,
        -0.42,
        0.0,
        -0.42,
        -0.42,
        -0.42,
        -0.42,
        -0.42,
        0.0,
        0.0,
        -0.42,
        0.0,
        -0.42,
        -0.42,
        -0.42,
        0.0,
        -0.42,
        0.0,
        -0.42,
        0.0,
        -0.42,
        -0.42,
        0.0,
        -0.42,
        0.0,
        0.0,
        0.0,
        0.0,
        0.0,
        0.0,
        -0.42,
        -0.42,
        -0.42,
        -0.42,
        -0.42,
        0.0,
        -0.42,
        -0.42,
        -0.42,
        -0.42,
        -0.42,
        0.0,
        -0.42,
        0.0,
        0.0,
        0.0,
        0.0,
        -0.42,
        0.0,
        -0.42,
        -0.42,
        -0.42,
        -0.42,
        -0.42,
        -0.42,
        -0.42,
        -0.42,
        0.0,
        -0.42,
        -0.42,
        0.0,
        0.0,
        -0.42,
        -0.42,
        0.0,
        -0.42,
        -0.42,
        -0.42,
        -0.42,
        -0.42,
        -0.42,
        -0.42,
        -0.42,
        -0.42,
        -0.42,
        -0.42,
        -0.42,
        0.0,
        -0.42,
        -0.42,
        -0.42,
        -0.42,
        -0.42,
        -0.42,
        -0.42,
        -0.42,
        0.0,
        -0.42,
        -0.42,
        0.0,
        -0.42,
        0.0,
        -0.42,
        -0.42,
        -0.42,
        -0.42,
        -0.42,
        -0.42,
        0.0,
        -0.42,
        0.0,
        -0.42,
        -0.42,
        -0.42,
        -0.42,
        -0.42,
        -0.42,
        -0.42,
        0.0,
        -0.42,
        -0.42,
        -0.42,
        -0.42,
        0.0,
        -0.42,
        -0.42,
        -0.42,
        -0.42,
        -0.42,
        -0.42,
        -0.42,
        -0.42,
        -0.42,
        -0.42,
        -0.42,
        -0.42,
        0.0,
        -0.42,
        -0.42,
        -0.42,
        -0.42,
        -0.42,
        -0.42,
        0.0,
        0.0,
        -0.42,
        0.0,
        -0.42,
        0.0,
        0.0,
        -0.42,
        0.0,
        0.0,
        -0.42,
        -0.42,
        -0.42,
        0.0,
        0.0,
        0.0,
        0.0,
        -0.42,
        -0.42,
        -0.42,
        0.0,
        0.0,
        -0.42,
        -0.42,
        -0.42,
        -0.42,
        0.0,
        0.0,
        0.0,
        -0.42,
        -0.42,
        -0.42,
        -0.42,
        0.0,
        -0.42,
        -0.42,
        -0.42,
        0.0,
        -0.42,
        -0.42,
        -0.42,
        0.0,
        0.0,
        0.0,
        0.0,
        -0.42,
        -0.42,
        -0.42,
        -0.42,
        -0.42,
        -0.42,
        -0.42,
        -0.42,
        0.0,
        0.0,
        0.0,
        -0.42,
        -0.42,
        -0.42,
        -0.42,
        0.0,
        -0.42,
        -0.42,
        0.0,
        -0.42,
        -0.42,
        -0.42,
        -0.42,
        -0.42,
        -0.42,
        -0.42,
        0.0,
        0.0,
        -0.42,
        -0.42,
        0.0,
        -0.42,
        0.0,
        -0.42,
        0.0,
        -0.42,
        -0.42,
        -0.42,
        -0.42,
        0.0,
        0.0,
        0.0,
        -0.42,
        -0.42,
        -0.42,
        -0.42,
        -0.42,
        -0.42,
        -0.42,
        -0.42,
        0.0,
        0.0,
        -0.42,
        -0.42,
        -0.42,
        -0.42,
        -0.42,
        0.0,
        -0.42,
        0.0,
        0.0,
        -0.42,
        0.0,
        -0.42,
        0.0,
        -0.42,
        -0.42,
        0.0,
        -0.42,
        0.0,
        -0.42,
        -0.42,
        0.0,
        -0.42,
        -0.42,
        -0.42,
        -0.42,
        -0.42,
        0.0,
        -0.42,
        0.0,
        -0.42,
        0.0,
        -0.42,
        -0.42,
        0.0,
        0.0,
        0.0,
        0.0,
        -0.42,
        0.0,
        -0.42,
        0.0,
        -0.42,
        0.0,
        0.0,
        0.0,
        0.0,
        -0.42,
        0.0,
        0.0,
        -0.42,
        -0.42,
        -0.42,
        0.0,
        -0.42,
        -0.42,
        -0.42,
        0.0,
        -0.42,
        -0.42,
        0.0,
        -0.42,
        -0.42,
        -0.42,
        -0.42,
        -0.42,
        -0.42,
        -0.42,
        0.0,
        0.0,
        0.0,
        -0.42,
        -0.42,
        0.0,
        -0.42,
        0.0,
        -0.42,
        -0.42,
        -0.42,
        0.0,
        0.0,
        -0.42,
        0.0,
        0.0,
        -0.42,
        0.0,
        0.0,
        -0.42,
        -0.42,
        -0.42,
        0.0,
        0.0,
        0.0,
        -0.42,
        0.0,
        -0.42,
        0.0,
        0.0,
        -0.42,
        0.0,
        0.0,
        -0.42,
        0.0,
        -0.42,
        -0.42,
        -0.42,
        -0.42,
        -0.42,
        -0.42,
        -0.42,
        -0.42,
        -0.42,
        -0.42,
        -0.42,
        -0.42,
        -0.42,
        0.0,
        0.0,
        -0.42,
        0.0,
        -0.42,
        0.0,
        0.0,
        0.0,
        -0.42,
        -0.42,
        -0.42,
        -0.42,
        -0.42,
        -0.42,
        -0.42,
        0.0,
        -0.42,
        -0.42,
        0.0,
        -0.42,
        0.0,
        0.0,
        -0.42,
        -0.42,
        0.0,
        -0.42,
        0.0,
        0.0,
        -0.42,
        0.0,
        -0.42,
        0.0,
        -0.42,
        0.0,
        -0.42,
        -0.42,
        -0.42,
        -0.42,
        -0.42,
        0.0,
        -0.42,
        0.0,
        -0.42,
        -0.42,
        -0.42,
        0.0,
        -0.42,
        -0.42,
        -0.42,
        0.0,
        -0.42,
        -0.42,
        -0.42,
        -0.42,
        -0.42,
        0.0,
        0.0,
        -0.42,
        -0.42,
        -0.42,
        -0.42,
        -0.42,
        -0.42,
        -0.42,
        -0.42,
        -0.42,
        -0.42,
        -0.42,
        -0.42,
        0.0,
        -0.42,
        -0.42,
        -0.42,
        -0.42,
        0.0,
        0.0,
        -0.42,
        0.0,
        -0.42,
        0.0,
        -0.42,
        -0.42,
        -0.42,
        0.0,
        -0.42,
        0.0,
        -0.42,
        -0.42,
        -0.42,
        0.0,
        -0.42,
        -0.42,
        -0.42,
        -0.42,
        -0.42,
        -0.42,
        -0.42,
        -0.42,
        0.0,
        -0.42,
        -0.42,
        -0.42,
        0.0,
        -0.42,
        0.0,
        0.0,
        -0.42,
        -0.42,
        -0.42,
        -0.42,
        -0.42,
        -0.42,
        -0.42,
        -0.42,
        -0.42,
        -0.42,
        -0.42,
        0.0,
        -0.42,
        0.0,
        -0.42,
        -0.42,
        0.0,
        -0.42,
        0.0,
        -0.42,
        -0.42,
        -0.42,
        -0.42,
        -0.42,
        -0.42,
        0.0,
        0.0,
        -0.42,
        0.0,
        0.0,
        -0.42,
        -0.42,
        -0.42,
        -0.42,
        -0.42,
        -0.42,
        0.0,
        -0.42,
        0.0,
        0.0,
        0.0,
        -0.42,
        -0.42,
        -0.42,
        -0.42,
        -0.42,
        0.0,
        -0.42,
        -0.42,
        -0.42,
        0.0,
        -0.42,
        -0.42,
        0.0,
        -0.42,
        -0.42,
        -0.42,
        -0.42,
        0.0,
        -0.42,
        -0.42,
        -0.42,
        -0.42,
        0.0,
        -0.42,
        -0.42,
        -0.42,
        -0.42,
        0.0,
        -0.42,
        -0.42,
        -0.42,
        -0.42,
        -0.42,
        -0.42,
        -0.42,
        0.0,
        -0.42,
        0.0,
        -0.42,
        -0.42,
        0.0,
        0.0,
        0.0,
        0.0,
        0.0,
        -0.42,
        -0.42,
        -0.42,
        0.0,
        -0.42,
        -0.42,
        -0.42,
        0.0,
        0.0,
        -0.42,
        -0.42,
        -0.42,
        0.0,
        -0.42,
        -0.42,
        -0.42,
        0.0,
        -0.42,
        -0.42,
        -0.42,
        -0.42,
        -0.42,
        0.0,
        -0.42,
        0.0,
        -0.42,
        -0.42,
        -0.42,
        -0.42,
        -0.42,
        -0.42,
        -0.42,
        -0.42,
        -0.42,
        -0.42,
        -0.42,
        0.0,
        0.0,
        -0.42,
        -0.42,
        -0.42,
        -0.42,
        -0.42,
        -0.42,
        -0.42,
        -0.42,
        -0.42,
        -0.42,
        0.0,
        0.0,
        -0.42,
        0.0,
        -0.42,
        -0.42,
        -0.42,
        -0.42,
        -0.42,
        -0.42,
        -0.42,
        -0.42,
        -0.42,
        -0.42,
        0.0,
        -0.42,
        0.0,
        -0.42,
        -0.42,
        0.0,
        -0.42,
        -0.42,
        -0.42,
        0.0,
        -0.42,
        -0.42,
        -0.42,
        -0.42,
        0.0,
        -0.42,
        -0.42,
        0.0,
        0.0,
        -0.42,
        -0.42,
        -0.42,
        -0.42,
        -0.42,
        -0.42,
        -0.42,
        -0.42,
        0.0,
        -0.42,
        -0.42,
        -0.42,
        -0.42,
        -0.42,
        -0.42,
        0.0,
        0.0,
        -0.42,
        0.0,
        0.0,
        -0.42,
        -0.42,
        -0.42,
        -0.42,
        -0.42,
        -0.42,
        -0.42,
        -0.42,
        -0.42,
        -0.42,
        -0.42,
        -0.42,
        -0.42,
        -0.42,
        0.0,
        0.0,
        -0.42,
        0.0,
        0.0,
        -0.42,
        -0.42,
        -0.42,
        -0.42,
        -0.42,
        -0.42,
        -0.42,
        -0.42,
        -0.42,
        0.0,
        -0.42,
        -0.42,
        -0.42,
        0.0,
        -0.42,
        0.0,
        -0.42,
        0.0,
        0.0,
        -0.42,
        -0.42,
        -0.42,
        -0.42,
        -0.42,
        0.0,
        0.0,
        0.0,
        -0.42,
        -0.42,
        -0.42,
        -0.42,
        -0.42,
        0.0,
        0.0,
        0.0,
        -0.42,
        0.0,
        -0.42,
        0.0,
        -0.42,
        0.0,
        -0.42,
        -0.42,
        -0.42,
        0.0,
        -0.42,
        -0.42,
        0.0,
        0.0,
        -0.42,
        -0.42,
        -0.42,
        -0.42,
        -0.42,
        -0.42,
        0.0,
        0.0,
        -0.42,
        -0.42,
        -0.42,
        -0.42,
        0.0,
        -0.42,
        0.0,
        -0.42,
        -0.42,
        -0.42,
        -0.42,
        -0.42,
        -0.42,
        -0.42,
        0.0,
        -0.42,
        -0.42,
        -0.42,
        -0.42,
        -0.42,
        0.0,
        -0.42,
        -0.42,
        -0.42,
        -0.42,
        0.0,
        -0.42,
        -0.42,
        0.0,
        -0.42,
        -0.42,
        -0.42,
        -0.42,
        -0.42,
        0.0,
        -0.42,
        0.0,
        0.0,
        -0.42,
        -0.42,
        -0.42,
        -0.42,
        -0.42,
        -0.42,
        0.0,
        0.0,
        0.0,
        0.0,
        0.0,
        -0.42,
        0.0,
        0.0,
        -0.42,
        -0.42,
        0.0,
        -0.42,
        -0.42,
        -0.42,
        0.0,
        0.0,
        -0.42,
        -0.42,
        -0.42,
        -0.42,
        0.0,
        -0.42,
        -0.42,
        -0.42,
        0.0,
        -0.42,
        -0.42,
        -0.42,
        0.0,
        -0.42,
        0.0,
        -0.42,
        -0.42,
        -0.42,
        0.0,
        -0.42,
        -0.42,
        0.0,
        -0.42,
        -0.42,
        -0.42,
        0.0,
        -0.42,
        -0.42,
        0.0,
        -0.42,
        -0.42,
        -0.42,
        -0.42,
        -0.42,
        -0.42,
        -0.42,
        0.0,
        0.0,
        -0.42,
        0.0,
        -0.42,
        0.0,
        -0.42,
        0.0,
        -0.42,
        0.0,
        -0.42,
        -0.42,
        -0.42,
        -0.42,
        -0.42,
        -0.42,
        0.0,
        -0.42,
        -0.42,
        -0.42,
        -0.42,
        -0.42,
        -0.42,
        0.0,
        -0.42,
        0.0,
        -0.42,
        -0.42,
        0.0,
        -0.42,
        -0.42,
        0.0,
        0.0,
        -0.42,
        -0.42,
        -0.42,
        -0.42,
        -0.42,
        -0.42,
        0.0,
        -0.42,
        -0.42,
        -0.42,
        -0.42,
        -0.42,
        -0.42,
        0.0,
        -0.42,
        -0.42,
        0.0,
        0.0,
        -0.42,
        -0.42,
        0.0,
        -0.42,
        -0.42,
        -0.42,
        -0.42,
        0.0,
        0.0,
        -0.42,
        0.0,
        -0.42,
        -0.42,
        -0.42,
        0.0,
        -0.42,
        -0.42,
        -0.42,
        -0.42,
        -0.42,
        0.0,
        -0.42,
        -0.42,
        -0.42,
        -0.42,
        -0.42,
        -0.42,
        0.0,
        -0.42,
        0.0,
        -0.42,
        -0.42,
        -0.42,
        -0.42,
        0.0,
        0.0,
        0.0,
        0.0,
        -0.42,
        0.0,
        -0.42,
        -0.42,
        -0.42,
        -0.42,
        -0.42,
        -0.42,
        -0.42,
        -0.42,
        -0.42,
        -0.42,
        -0.42,
        -0.42,
        -0.42,
        -0.42,
        0.0,
        0.0,
        -0.42,
        -0.42,
        -0.42,
        0.0,
        0.0,
        -0.42,
        -0.42,
        -0.42,
        -0.42,
        0.0,
        -0.42,
        -0.42,
        -0.42,
        -0.42,
        -0.42,
        -0.42,
        -0.42,
        -0.42,
        -0.42,
        -0.42,
        -0.42,
        0.0,
        0.0,
        0.0,
        -0.42,
        -0.42,
        0.0,
        -0.42,
        -0.42,
        -0.42,
        -0.42,
        -0.42,
        -0.42,
        -0.42,
        -0.42,
        -0.42,
        -0.42,
        0.0,
        -0.42,
        0.0,
        -0.42,
        -0.42,
        -0.42,
        0.0,
        -0.42,
        0.0,
        -0.42,
        -0.42,
        -0.42,
        -0.42,
        -0.42,
        -0.42,
        0.0,
        -0.42,
        0.0,
        -0.42,
        -0.42,
        -0.42,
        -0.42,
        0.0,
        -0.42,
        -0.42,
        -0.42,
        -0.42,
        -0.42,
        -0.42,
        0.0,
        -0.42,
        -0.42,
        -0.42,
        0.0,
        -0.42,
        -0.42,
        0.0,
        0.0,
        -0.42,
        0.0,
        -0.42,
        -0.42,
        -0.42,
        -0.42,
        -0.42,
        0.0,
        -0.42,
        -0.42,
        -0.42,
        -0.42,
        -0.42,
        -0.42,
        0.0,
        -0.42,
        0.0,
        -0.42,
        -0.42,
        0.0,
        -0.42,
        -0.42,
        0.0,
        -0.42,
        -0.42,
        -0.42,
        -0.42,
        -0.42,
        0.0,
        0.0,
        0.0,
        0.0,
        -0.42,
        -0.42,
        -0.42,
        0.0,
        0.0,
        0.0,
        -0.42,
        -0.42,
        -0.42,
        0.0,
        -0.42,
        -0.42,
        0.0,
        -0.42,
        -0.42,
        -0.42,
        0.0,
        0.0,
        -0.42,
        -0.42,
        -0.42,
        -0.42,
        -0.42,
        -0.42,
        -0.42,
        -0.42,
        -0.42,
        0.0,
        -0.42,
        0.0,
        -0.42,
        -0.42,
        -0.42,
        0.0,
        0.0,
        -0.42,
        -0.42,
        0.0,
        -0.42,
        0.0,
        -0.42,
        -0.42,
        0.0,
        -0.42,
        -0.42,
        0.0,
        0.0,
        0.0,
        -0.42,
        0.0,
        -0.42,
        -0.42,
        -0.42,
        -0.42,
        -0.42,
        -0.42,
        -0.42,
        -0.42,
        -0.42,
        -0.42,
        -0.42,
        -0.42,
        -0.42,
        -0.42,
        -0.42,
        -0.42,
        0.0,
        0.0,
        0.0,
        -0.42,
        -0.42,
        -0.42,
        0.0,
        -0.42,
        -0.42,
        0.0,
        -0.42,
        -0.42,
        -0.42,
        -0.42,
        -0.42,
        0.0,
        0.0,
        0.0,
        0.0,
        -0.42,
        -0.42,
        -0.42,
        -0.42,
        0.0,
        -0.42,
        0.0,
        -0.42,
        0.0,
        -0.42,
        -0.42,
        -0.42,
        0.0,
        -0.42,
        -0.42,
        -0.42,
        -0.42,
        -0.42,
        -0.42,
        -0.42,
        0.0,
        -0.42,
        -0.42,
        0.0,
        0.0,
        -0.42,
        0.0,
        -0.42,
        0.0,
        0.0,
        -0.42,
        -0.42,
        -0.42,
        -0.42,
        -0.42,
        -0.42,
        -0.42,
        -0.42,
        0.0,
        -0.42,
        0.0,
        -0.42,
        0.0,
        -0.42,
        0.0,
        -0.42,
        -0.42,
        -0.42,
        0.0,
        -0.42,
        -0.42,
        -0.42,
        -0.42,
        -0.42,
        -0.42,
        0.0,
        -0.42,
        0.0,
        -0.42,
        -0.42,
        -0.42,
        -0.42,
        0.0,
        -0.42,
        -0.42,
        0.0,
        -0.42,
        -0.42,
        0.0,
        -0.42,
        -0.42,
        -0.42,
        0.0,
        -0.42,
        0.0,
        -0.42,
        -0.42,
        -0.42,
        -0.42,
        -0.42,
        -0.42,
        -0.42,
        -0.42,
        -0.42,
        0.0,
        -0.42,
        -0.42,
        0.0,
        -0.42,
        -0.42,
        -0.42,
        -0.42,
        -0.42,
        0.0,
        -0.42,
        -0.42,
        -0.42,
        -0.42,
        -0.42,
        -0.42,
        -0.42,
        -0.42,
        -0.42,
        0.0,
        -0.42,
        -0.42,
        -0.42,
        -0.42,
        -0.42,
        -0.42,
        -0.42,
        -0.42,
        -0.42,
        -0.42,
        -0.42,
        -0.42,
        -0.42,
        0.0,
        -0.42,
        -0.42,
        -0.42,
        -0.42,
        -0.42,
        -0.42,
        -0.42,
        -0.42,
        -0.42,
        -0.42,
        0.0,
        -0.42,
        -0.42,
        0.0,
        -0.42,
        -0.42,
        -0.42,
        -0.42,
        0.0,
        0.0,
        -0.42,
        -0.42,
        0.0,
        -0.42,
        -0.42,
        0.0,
        -0.42,
        0.0,
        0.0,
        -0.42,
        -0.42,
        -0.42,
        -0.42,
        0.0,
        0.0,
        -0.42,
        -0.42,
        -0.42,
        -0.42,
        0.0,
        -0.42,
        -0.42,
        0.0,
        -0.42,
        -0.42,
        -0.42,
        -0.42,
        0.0,
        0.0,
        -0.42,
        -0.42,
        -0.42,
        -0.42,
        -0.42,
        -0.42,
        -0.42,
        -0.42,
        0.0,
        -0.42,
        -0.42,
        -0.42,
        -0.42,
        -0.42,
        -0.42,
        0.0,
        -0.42,
        -0.42,
        -0.42,
        -0.42,
        0.0,
        -0.42,
        -0.42,
        -0.42,
        -0.42,
        -0.42,
        -0.42,
        -0.42,
        0.0,
        0.0,
        -0.42,
        0.0,
        -0.42,
        -0.42,
        -0.42,
        0.0,
        -0.42,
        -0.42,
        -0.42,
        0.0,
        -0.42,
        -0.42,
        -0.42,
        0.0,
        -0.42,
        -0.42,
        -0.42,
        0.0,
        -0.42,
        -0.42,
        -0.42,
        -0.42,
        -0.42,
        -0.42,
        -0.42,
        -0.42,
        -0.42,
        -0.42,
        -0.42,
        0.0,
        -0.42,
        -0.42,
        -0.42,
        -0.42,
        -0.42,
        -0.42,
        -0.42,
        0.0,
        -0.42,
        0.0,
        -0.42,
        -0.42,
        -0.42,
        -0.42,
        -0.42,
        -0.42,
        0.0,
        -0.42,
        0.0,
        -0.42,
        0.0,
        -0.42,
        -0.42,
        0.0,
        0.0,
        -0.42,
        -0.42,
        -0.42,
        -0.42,
        -0.42,
        -0.42,
        0.0,
        -0.42,
        -0.42,
        0.0,
        -0.42,
        -0.42,
        -0.42,
        0.0,
        -0.42,
        0.0,
        -0.42,
        -0.42,
        0.0,
        -0.42,
        -0.42,
        -0.42,
        0.0,
        -0.42,
        -0.42,
        0.0,
        0.0,
        -0.42,
        -0.42,
        0.0,
        0.0,
        0.0,
        -0.42,
        -0.42,
        -0.42,
        -0.42,
        -0.42,
        0.0,
        -0.42,
        0.0,
        0.0,
        -0.42,
        -0.42,
        -0.42,
        0.0,
        -0.42,
        -0.42,
        0.0,
        -0.42,
        -0.42,
        -0.42,
        -0.42,
        0.0,
        -0.42,
        0.0,
        0.0,
        -0.42,
        -0.42,
        0.0,
        -0.42,
        0.0,
        -0.42,
        -0.42,
        -0.42,
        -0.42,
        0.0,
        -0.42,
        -0.42,
        -0.42,
        -0.42,
        -0.42,
        -0.42,
        -0.42,
        0.0,
        -0.42,
        -0.42,
        -0.42,
        -0.42,
        -0.42,
        -0.42,
        -0.42,
        -0.42,
        -0.42,
        0.0,
        -0.42,
        -0.42,
        -0.42,
        0.0,
        -0.42,
        -0.42,
        -0.42,
        0.0,
        -0.42,
        -0.42,
        -0.42,
        -0.42,
        0.0,
        -0.42,
        -0.42,
        0.0,
        -0.42,
        -0.42,
        -0.42,
        0.0,
        0.0,
        0.0,
        -0.42,
        -0.42,
        -0.42,
        -0.42,
        -0.42,
        -0.42,
        -0.42,
        -0.42,
        0.0,
        0.0,
        -0.42,
        -0.42,
        -0.42,
        -0.42,
        -0.42,
        -0.42,
        -0.42,
        -0.42,
        -0.42,
        -0.42,
        -0.42,
        0.0,
        0.0,
        0.0,
        -0.42,
        0.0,
        -0.42,
        0.0,
        -0.42,
        -0.42,
        0.0,
        0.0,
        0.0,
        -0.42,
        -0.42,
        0.0,
        0.0,
        -0.42,
        0.0,
        -0.42,
        -0.42,
        -0.42,
        0.0,
        0.0,
        -0.42,
        -0.42,
        -0.42,
        0.0,
        -0.42,
        -0.42,
        0.0,
        -0.42,
        0.0,
        0.0,
        -0.42,
        -0.42,
        -0.42,
        -0.42,
        -0.42,
        -0.42,
        -0.42,
        -0.42,
        -0.42,
        -0.42,
        -0.42,
        0.0,
        -0.42,
        -0.42,
        0.0,
        -0.42,
        0.0,
        -0.42,
        -0.42,
        0.0,
        -0.42,
        -0.42,
        -0.42,
        -0.42,
        -0.42,
        -0.42,
        -0.42,
        -0.42,
        -0.42,
        0.0,
        -0.42,
        -0.42,
        -0.42,
        -0.42,
        0.0,
        0.0,
        0.0,
        -0.42,
        0.0,
        -0.42,
        0.0,
        -0.42,
        -0.42,
        -0.42,
        0.0,
        -0.42,
        -0.42,
        -0.42,
        0.0,
        -0.42,
        -0.42,
        0.0,
        0.0,
        0.0,
        -0.42,
        -0.42,
        -0.42,
        -0.42,
        -0.42,
        0.0,
        -0.42,
        -0.42,
        -0.42,
        -0.42,
        0.0,
        0.0,
        0.0,
        0.0,
        -0.42,
        0.0,
        0.0,
        0.0,
        -0.42,
        0.0,
        -0.42,
        -0.42,
        -0.42,
        -0.42,
        -0.42,
        -0.42,
        -0.42,
        -0.42,
        0.0,
        -0.42,
        -0.42,
        -0.42,
        0.0,
        -0.42,
        -0.42,
        -0.42,
        -0.42,
        -0.42,
        0.0,
        0.0,
        0.0,
        -0.42,
        -0.42,
        -0.42,
        -0.42,
        0.0,
        0.0,
        -0.42,
        -0.42,
        0.0,
        -0.42,
        -0.42,
        0.0,
        -0.42,
        0.0,
        0.0,
        -0.42,
        0.0,
        -0.42,
        -0.42,
        -0.42,
        -0.42,
        -0.42,
        -0.42,
        0.0,
        -0.42,
        -0.42,
        -0.42,
        0.0,
        -0.42,
        -0.42,
        -0.42,
        -0.42,
        0.0,
        0.0,
        0.0,
        -0.42,
        -0.42,
        -0.42,
        -0.42,
        -0.42,
        -0.42,
        -0.42,
        -0.42,
        -0.42,
        -0.42,
        -0.42,
        -0.42,
        -0.42,
        -0.42,
        -0.42,
        -0.42,
        0.0,
        -0.42,
        0.0,
        0.0,
        -0.42,
        0.0,
        -0.42,
        0.0,
        -0.42,
        -0.42,
        -0.42,
        0.0,
        -0.42,
        -0.42,
        -0.42,
        0.0,
        -0.42,
        -0.42,
        -0.42,
        -0.42,
        -0.42,
        -0.42,
        -0.42,
        -0.42,
        -0.42,
        0.0,
        0.0,
        0.0,
        -0.42,
        -0.42,
        -0.42,
        0.0,
        -0.42,
        0.0,
        -0.42,
        -0.42,
        -0.42,
        -0.42,
        0.0,
        -0.42,
        -0.42,
        0.0,
        -0.42,
        0.0,
        -0.42,
        -0.42,
        -0.42,
        -0.42,
        -0.42,
        -0.42,
        -0.42,
        -0.42,
        0.0,
        -0.42,
        0.0,
        0.0,
        -0.42,
        -0.42,
        -0.42,
        -0.42,
        -0.42,
        -0.42,
        0.0,
        -0.42,
        -0.42,
        0.0,
        -0.42,
        -0.42,
        0.0,
        0.0,
        -0.42,
        -0.42,
        -0.42,
        -0.42,
        -0.42,
        -0.42,
        0.0,
        -0.42,
        -0.42,
        -0.42,
        -0.42,
        -0.42,
        -0.42,
        -0.42,
        -0.42,
        0.0,
        -0.42,
        0.0,
        -0.42,
        0.0,
        -0.42,
        -0.42,
        -0.42,
        -0.42,
        -0.42,
        -0.42,
        0.0,
        0.0,
        -0.42,
        -0.42,
        -0.42,
        -0.42,
        -0.42,
        -0.42,
        -0.42,
        -0.42,
        -0.42,
        0.0,
        -0.42,
        -0.42,
        -0.42,
        -0.42,
        -0.42,
        -0.42,
        -0.42,
        -0.42,
        -0.42,
        -0.42,
        -0.42,
        -0.42,
        0.0,
        -0.42,
        0.0,
        0.0,
        -0.42,
        -0.42,
        -0.42,
        0.0,
        -0.42,
        0.0,
        0.0,
        -0.42,
        -0.42,
        -0.42,
        0.0,
        -0.42,
        -0.42,
        0.0,
        0.0,
        -0.42,
        -0.42,
        -0.42,
        -0.42,
        -0.42,
        0.0,
        -0.42,
        -0.42,
        -0.42,
        0.0,
        -0.42,
        -0.42,
        -0.42,
        -0.42,
        -0.42,
        -0.42,
        0.0,
        0.0,
        -0.42,
        -0.42,
        -0.42,
        -0.42,
        -0.42,
        -0.42,
        0.0,
        -0.42,
        0.0,
        -0.42,
        -0.42,
        0.0,
        -0.42,
        -0.42,
        0.0,
        0.0,
        0.0,
        0.0,
        0.0,
        -0.42,
        0.0,
        0.0,
        -0.42,
        -0.42,
        -0.42,
        0.0,
        0.0,
        -0.42,
        -0.42,
        -0.42,
        -0.42,
        -0.42,
        -0.42,
        -0.42,
        0.0,
        -0.42,
        -0.42,
        0.0,
        -0.42,
        -0.42,
        -0.42,
        0.0,
        -0.42,
        0.0,
        -0.42,
        -0.42,
        -0.42,
        -0.42,
        -0.42,
        -0.42,
        0.0,
        -0.42,
        -0.42,
        -0.42,
        0.0,
        0.0,
        -0.42,
        -0.42,
        -0.42,
        -0.42,
        -0.42,
        0.0,
        -0.42,
        -0.42,
        0.0,
        -0.42,
        -0.42,
        0.0,
        -0.42,
        -0.42,
        0.0,
        -0.42,
        -0.42,
        0.0,
        -0.42,
        -0.42,
        -0.42,
        -0.42,
        -0.42,
        -0.42,
        -0.42,
        0.0,
        -0.42,
        0.0,
        -0.42,
        -0.42,
        -0.42,
        -0.42,
        0.0,
        0.0,
        -0.42,
        -0.42,
        -0.42,
        -0.42,
        -0.42,
        -0.42,
        -0.42,
        0.0,
        -0.42,
        -0.42,
        -0.42,
        -0.42,
        0.0,
        -0.42,
        -0.42,
        -0.42,
        -0.42,
        -0.42,
        -0.42,
        0.0,
        0.0,
        -0.42,
        -0.42,
        -0.42,
        -0.42,
        -0.42,
        0.0,
        0.0,
        -0.42,
        0.0,
        -0.42,
        -0.42,
        -0.42,
        0.0,
        0.0,
        -0.42,
        0.0,
        -0.42,
        0.0,
        -0.42,
        0.0,
        -0.42,
        0.0,
        0.0,
        -0.42,
        -0.42,
        0.0,
        -0.42,
        -0.42,
        -0.42,
        -0.42,
        -0.42,
        0.0,
        -0.42,
        -0.42,
        -0.42,
        -0.42,
        0.0,
        -0.42,
        0.0,
        -0.42,
        -0.42,
        -0.42,
        -0.42,
        -0.42,
        -0.42,
        -0.42,
        -0.42,
        0.0,
        -0.42,
        -0.42,
        0.0,
        -0.42,
        -0.42,
        0.0,
        -0.42,
        0.0,
        -0.42,
        -0.42,
        -0.42,
        0.0,
        -0.42,
        0.0,
        -0.42,
        -0.42,
        -0.42,
        -0.42,
        0.0,
        -0.42,
        -0.42,
        0.0,
        -0.42,
        0.0,
        -0.42,
        -0.42,
        0.0,
        0.0,
        -0.42,
        -0.42,
        -0.42,
        0.0,
        -0.42,
        -0.42,
        -0.42,
        -0.42,
        -0.42,
        -0.42,
        -0.42,
        -0.42,
        -0.42,
        -0.42,
        -0.42,
        -0.42,
        0.0,
        -0.42,
        -0.42,
        0.0,
        -0.42,
        -0.42,
        0.0,
        0.0,
        -0.42,
        -0.42,
        0.0,
        0.0,
        -0.42,
        -0.42,
        0.0,
        -0.42,
        0.0,
        0.0,
        -0.42,
        -0.42,
        -0.42,
        -0.42,
        -0.42,
        -0.42,
        -0.42,
        -0.42,
        -0.42,
        -0.42,
        -0.42,
        0.0,
        0.0,
        -0.42,
        -0.42,
        0.0,
        0.0,
        0.0,
        -0.42,
        -0.42,
        -0.42,
        -0.42,
        0.0,
        -0.42,
        0.0,
        -0.42,
        0.0,
        0.0,
        0.0,
        0.0,
        0.0,
        0.0,
        0.0,
        -0.42,
        0.0,
        0.0,
        -0.42,
        -0.42,
        -0.42,
        -0.42,
        -0.42,
        -0.42,
        -0.42,
        -0.42,
        -0.42,
        -0.42,
        -0.42,
        -0.42,
        0.0,
        -0.42,
        -0.42,
        -0.42,
        0.0,
        0.0,
        -0.42,
        -0.42,
        -0.42,
        -0.42,
        -0.42,
        0.0,
        0.0,
        0.0,
        -0.42,
        -0.42,
        0.0,
        -0.42,
        -0.42,
        -0.42,
        -0.42,
        -0.42,
        -0.42,
        -0.42,
        -0.42,
        -0.42,
        -0.42,
        0.0,
        0.0,
        -0.42,
        -0.42,
        -0.42,
        0.0,
        -0.42,
        -0.42,
        -0.42,
        -0.42,
        0.0,
        0.0,
        0.0,
        -0.42,
        -0.42,
        -0.42,
        -0.42,
        -0.42,
        -0.42,
        0.0,
        0.0,
        -0.42,
        0.0,
        -0.42,
        -0.42,
        -0.42,
        -0.42,
        -0.42,
        -0.42,
        -0.42,
        -0.42,
        -0.42,
        -0.42,
        -0.42,
        -0.42,
        -0.42,
        -0.42,
        -0.42,
        -0.42,
        -0.42,
        -0.42,
        -0.42,
        0.0,
        -0.42,
        -0.42,
        0.0,
        0.0,
        0.0,
        -0.42,
        -0.42,
        -0.42,
        -0.42,
        0.0,
        -0.42,
        -0.42,
        -0.42,
        -0.42,
        0.0,
        0.0,
        0.0,
        -0.42,
        -0.42,
        -0.42,
        -0.42,
        -0.42,
        -0.42,
        -0.42,
        -0.42,
        0.0,
        -0.42,
        -0.42,
        -0.42,
        -0.42,
        0.0,
        -0.42,
        -0.42,
        -0.42,
        0.0,
        -0.42,
        -0.42,
        -0.42,
        0.0,
        -0.42,
        0.0,
        0.0,
        0.0,
        -0.42,
        0.0,
        0.0,
        -0.42,
        -0.42,
        -0.42,
        -0.42,
        -0.42,
        0.0,
        -0.42,
        -0.42,
        -0.42,
        -0.42,
        -0.42,
        -0.42,
        0.0,
        0.0,
        -0.42,
        -0.42,
        -0.42,
        0.0,
        -0.42,
        -0.42,
        0.0,
        -0.42,
        0.0,
        -0.42,
        -0.42,
        0.0,
        -0.42,
        -0.42,
        -0.42,
        -0.42,
        -0.42,
        -0.42,
        0.0,
        0.0,
        -0.42,
        0.0,
        -0.42,
        0.0,
        0.0,
        -0.42,
        -0.42,
        0.0,
        -0.42,
        -0.42,
        -0.42,
        -0.42,
        0.0,
        -0.42,
        -0.42,
        -0.42,
        -0.42,
        -0.42,
        0.0,
        -0.42,
        0.0,
        0.0,
        -0.42,
        -0.42,
        -0.42,
        -0.42,
        -0.42,
        -0.42,
        -0.42,
        0.0,
        0.0,
        -0.42,
        0.0,
        0.0,
        -0.42,
        -0.42,
        0.0,
        -0.42,
        -0.42,
        -0.42,
        -0.42,
        -0.42,
        -0.42,
        -0.42,
        0.0,
        -0.42,
        -0.42,
        0.0,
        -0.42,
        -0.42,
        0.0,
        0.0,
        0.0,
        0.0,
        -0.42,
        0.0,
        -0.42,
        0.0,
        -0.42,
        -0.42,
        -0.42,
        -0.42,
        0.0,
        -0.42,
        0.0,
        0.0,
        -0.42,
        -0.42,
        0.0,
        -0.42,
        -0.42,
        -0.42,
        -0.42,
        -0.42,
        0.0,
        -0.42,
        -0.42,
        -0.42,
        0.0,
        -0.42,
        0.0,
        0.0,
        -0.42,
        0.0,
        -0.42,
        -0.42,
        -0.42,
        -0.42,
        -0.42,
        0.0,
        -0.42,
        -0.42,
        0.0,
        -0.42,
        -0.42,
        -0.42,
        -0.42,
        0.0,
        -0.42,
        -0.42,
        0.0,
        -0.42,
        -0.42,
        -0.42,
        0.0,
        -0.42,
        0.0,
        -0.42,
        -0.42,
        0.0,
        -0.42,
        0.0,
        0.0,
        -0.42,
        -0.42,
        0.0,
        -0.42,
        -0.42,
        0.0,
        0.0,
        -0.42,
        -0.42,
        -0.42,
        -0.42,
        -0.42,
        -0.42,
        -0.42,
        -0.42,
        -0.42,
        -0.42,
        -0.42,
        -0.42,
        0.0,
        0.0,
        0.0,
        -0.42,
        -0.42,
        -0.42,
        0.0,
        0.0,
        0.0,
        -0.42,
        0.0,
        0.0,
        -0.42,
        -0.42,
        -0.42,
        0.0,
        -0.42,
        0.0,
        -0.42,
        0.0,
        -0.42,
        -0.42,
        -0.42,
        0.0,
        -0.42,
        -0.42,
        0.0,
        -0.42,
        -0.42,
        -0.42,
        -0.42,
        -0.42,
        -0.42,
        0.0,
        0.0,
        -0.42,
        0.0,
        -0.42,
        -0.42,
        -0.42,
        -0.42,
        -0.42,
        -0.42,
        0.0,
        -0.42,
        -0.42,
        -0.42,
        -0.42,
        -0.42,
        -0.42,
        -0.42,
        -0.42,
        -0.42,
        -0.42,
        -0.42,
        -0.42,
        -0.42,
        -0.42,
        0.0,
        -0.42,
        -0.42,
        -0.42,
        -0.42,
        0.0,
        -0.42,
        -0.42,
        -0.42,
        -0.42,
        -0.42,
        -0.42,
        -0.42,
        0.0,
        0.0,
        -0.42,
        -0.42,
        -0.42,
        -0.42,
        0.0,
        -0.42,
        -0.42,
        0.0,
        -0.42,
        -0.42,
        0.0,
        -0.42,
        0.0,
        0.0,
        -0.42,
        -0.42,
        -0.42,
        0.0,
        -0.42,
        0.0,
        0.0,
        -0.42,
        -0.42,
        0.0,
        0.0,
        0.0,
        0.0,
        0.0,
        -0.42,
        -0.42,
        -0.42,
        0.0,
        0.0,
        -0.42,
        -0.42,
        -0.42,
        -0.42,
        -0.42,
        -0.42,
        -0.42,
        -0.42,
        -0.42,
        0.0,
        -0.42,
        -0.42,
        -0.42,
        -0.42,
        -0.42,
        -0.42,
        -0.42,
        -0.42,
        0.0,
        0.0,
        -0.42,
        -0.42,
        -0.42,
        -0.42,
        -0.42,
        -0.42,
        -0.42,
        -0.42,
        -0.42,
        -0.42,
        -0.42,
        -0.42,
        -0.42,
        0.0,
        -0.42,
        -0.42,
        -0.42,
        -0.42,
        -0.42,
        -0.42,
        -0.42,
        -0.42,
        0.0,
        -0.42,
        0.0,
        0.0,
        0.0,
        -0.42,
        -0.42,
        0.0,
        0.0,
        -0.42,
        0.0,
        0.0,
        0.0,
        -0.42,
        -0.42,
        0.0,
        0.0,
        -0.42,
        -0.42,
        0.0,
        -0.42,
        -0.42,
        -0.42,
        -0.42,
        -0.42,
        0.0,
        0.0,
        0.0,
        -0.42,
        -0.42,
        0.0,
        -0.42,
        -0.42,
        -0.42,
        0.0,
        -0.42,
        -0.42,
        0.0,
        -0.42,
        0.0,
        0.0,
        0.0,
        -0.42,
        -0.42,
        0.0,
        -0.42,
        -0.42,
        0.0,
        0.0,
        -0.42,
        0.0,
        -0.42,
        0.0,
        -0.42,
        0.0,
        -0.42,
        -0.42,
        -0.42,
        0.0,
        -0.42,
        0.0,
        -0.42,
        0.0,
        -0.42,
        0.0,
        -0.42,
        0.0,
        -0.42,
        -0.42,
        0.0,
        0.0,
        0.0,
        -0.42,
        0.0,
        -0.42,
        -0.42,
        -0.42,
        0.0,
        -0.42,
        -0.42,
        -0.42,
        0.0,
        -0.42,
        0.0,
        -0.42,
        0.0,
        -0.42,
        -0.42,
        -0.42,
        0.0,
        -0.42,
        0.0,
        0.0,
        0.0,
        -0.42,
        -0.42,
        -0.42,
        -0.42,
        -0.42,
        -0.42,
        0.0,
        -0.42,
        -0.42,
        -0.42,
        0.0,
        -0.42,
        -0.42,
        -0.42,
        -0.42,
        -0.42,
        -0.42,
        0.0,
        -0.42,
        -0.42,
        -0.42,
        -0.42,
        -0.42,
        -0.42,
        -0.42,
        -0.42,
        -0.42,
        -0.42,
        0.0,
        0.0,
        -0.42,
        -0.42,
        -0.42,
        -0.42,
        0.0,
        -0.42,
        0.0,
        0.0,
        0.0,
        -0.42,
        0.0,
        0.0,
        -0.42,
        0.0,
        -0.42,
        -0.42,
        -0.42,
        -0.42,
        -0.42,
        0.0,
        0.0,
        0.0,
    ],
}
