---
source: crates/bitnet-kernels/tests/gpu_snapshot_regression.rs
expression: "KernelConfig\n{\n    kernel: \"rmsnorm\", work_group_size: 256, precision: \"f32\",\n    vectorisation_width: 4,\n}"
---
KernelConfig {
    kernel: "rmsnorm",
    work_group_size: 256,
    precision: "f32",
    vectorisation_width: 4,
}
