---
source: crates/bitnet-kernels/tests/snapshot_wave_20.rs
expression: mask
---
AttentionMask {
    mask: [
        true,
        true,
        true,
        true,
        true,
        true,
        true,
        true,
        true,
        true,
        true,
        true,
        true,
        true,
        true,
        true,
    ],
    seq_len: 2,
    kv_len: 8,
}
