---
source: crates/bitnet-kernels/tests/snapshot_wave24.rs
expression: cfg
---
PipelineConfig {
    stages: [
        PipelineStage {
            start_layer: 0,
            end_layer: 16,
            thread_affinity: None,
        },
        PipelineStage {
            start_layer: 16,
            end_layer: 32,
            thread_affinity: None,
        },
    ],
    micro_batch_size: 4,
    schedule: GPipe,
}
