---
source: crates/bitnet-gpu-hal/tests/snapshot_wave13.rs
expression: caps
---
ComputeCapabilities {
    max_workgroup_size: [
        256,
        1,
        1,
    ],
    max_grid_size: [
        1024,
        1,
        1,
    ],
    max_shared_memory_bytes: 16384,
    compute_units: 1,
    supports_fp16: false,
    supports_int8: false,
    supports_subgroups: false,
}
