---
source: crates/bitnet-server/tests/snapshot_wave12.rs
expression: c
---
ConcurrencyConfig {
    max_concurrent_requests: 100,
    max_requests_per_second: 50,
    max_requests_per_minute: 1000,
    rate_limit_window: 60s,
    backpressure_threshold: 0.8,
    circuit_breaker_enabled: true,
    circuit_breaker_failure_threshold: 10,
    circuit_breaker_timeout: 30s,
    per_ip_rate_limit: Some(
        10,
    ),
    global_rate_limit: Some(
        100,
    ),
}
