---
source: crates/bitnet-server/tests/snapshot_wave31.rs
expression: cfg
---
{
  "prometheus_enabled": true,
  "prometheus_path": "/metrics",
  "opentelemetry_enabled": false,
  "opentelemetry_endpoint": null,
  "otlp_endpoint": null,
  "health_path": "/health",
  "metrics_interval": 10,
  "structured_logging": true,
  "log_level": "info",
  "log_format": "json"
}
