---
source: crates/bitnet-server/tests/snapshot_wave10.rs
expression: resp
---
{
  "status": "healthy",
  "timestamp": "2024-01-15T12:00:00Z",
  "components": {
    "batch_engine": "healthy",
    "execution_router": "healthy",
    "model_manager": "healthy"
  },
  "system_metrics": {
    "cpu_utilization": 0.45,
    "gpu_utilization": 0.0,
    "memory_usage_bytes": 4294967296,
    "active_requests": 5,
    "queue_depth": 2
  },
  "performance_indicators": {
    "avg_response_time_ms": 150.0,
    "requests_per_second": 10.5,
    "error_rate": 0.001,
    "sla_compliance": 0.998
  }
}
