---
source: crates/bitnet-server/tests/snapshot_wave29.rs
assertion_line: 67
expression: json
---
{
  "status": "healthy",
  "timestamp": "2025-01-01T00:00:00Z",
  "uptime_seconds": 3600,
  "version": "0.2.1-dev",
  "build": {
    "version": "0.2.1-dev",
    "git_sha": "abc1234",
    "git_branch": "main",
    "build_timestamp": "2025-01-01T00:00:00Z",
    "rustc_version": "1.92.0",
    "cargo_target": "x86_64-unknown-linux-gnu",
    "cargo_profile": "release"
  },
  "components": {
    "inference_engine": {
      "status": "healthy",
      "message": "Engine running",
      "last_check": "2025-01-01T00:00:00Z",
      "response_time_ms": 5
    }
  },
  "metrics": {
    "active_requests": 0,
    "total_requests": 100,
    "error_rate_percent": 0.5,
    "avg_response_time_ms": 42.0,
    "memory_usage_mb": 256.0,
    "tokens_per_second": 15.3,
    "cpu_usage_percent": 25.0
  }
}
