---
source: crates/bitnet-server/tests/snapshot_wave12.rs
expression: c
---
BatchEngineConfig {
    max_batch_size: 16,
    batch_timeout: 100ms,
    max_concurrent_batches: 4,
    priority_queue_enabled: true,
    adaptive_batching: true,
    quantization_aware: true,
    simd_optimization: true,
}
