---
source: crates/bitnet-server/tests/snapshot_wave10.rs
expression: cfg
---
{
  "max_batch_size": 16,
  "batch_timeout": {
    "secs": 0,
    "nanos": 100000000
  },
  "max_concurrent_batches": 4,
  "priority_queue_enabled": true,
  "adaptive_batching": true,
  "quantization_aware": true,
  "simd_optimization": true
}
