---
source: crates/bitnet-server/tests/snapshot_wave10.rs
expression: resp
---
{
  "status": "degraded",
  "timestamp": "2024-01-15T12:05:00Z",
  "components": {
    "execution_router": "degraded",
    "model_manager": "healthy"
  },
  "system_metrics": {
    "cpu_utilization": 0.92,
    "gpu_utilization": 0.0,
    "memory_usage_bytes": 7516192768,
    "active_requests": 95,
    "queue_depth": 47
  },
  "performance_indicators": {
    "avg_response_time_ms": 3500.0,
    "requests_per_second": 2.1,
    "error_rate": 0.15,
    "sla_compliance": 0.62
  }
}
