---
source: crates/bitnet-device-probe/tests/snapshot_wave9.rs
expression: caps
---
DeviceCapabilities {
    cpu_rust: true,
    cuda_compiled: false,
    rocm_compiled: false,
    oneapi_compiled: false,
    cuda_runtime: false,
    rocm_runtime: false,
    npu_compiled: false,
    npu_runtime: false,
    oneapi_runtime: false,
    simd_level: [SIMD],
}
